2026-08-14 21:35:52 [INFO] FL-CLIENT-power - Monitoring module test: client logger OK
2026-08-14 21:48:49 [INFO] FL-CLIENT-power - ======================================================================
2026-08-14 21:48:49 [INFO] FL-CLIENT-power - FL client starting
2026-08-14 21:48:49 [INFO] FL-CLIENT-power - Client        : power
2026-08-14 21:48:49 [INFO] FL-CLIENT-power - Server        : 127.0.0.1:8080
2026-08-14 21:48:49 [INFO] FL-CLIENT-power - Model         : mlp
2026-08-14 21:48:49 [INFO] FL-CLIENT-power - Local epochs  : 3
2026-08-14 21:48:49 [INFO] FL-CLIENT-power - Batch size    : 64
2026-08-14 21:48:49 [INFO] FL-CLIENT-power - Learning rate : 0.001000
2026-08-14 21:48:49 [INFO] FL-CLIENT-power - Device        : cpu
2026-08-14 21:48:49 [INFO] FL-CLIENT-power - HE context    : security\keys\he_context_full.seal
2026-08-14 21:48:49 [INFO] FL-CLIENT-power - CA certificate: security\certificates\ca.crt
2026-08-14 21:48:49 [INFO] FL-CLIENT-power - TLS CA certificate found
2026-08-14 21:48:49 [INFO] FL-CLIENT-power - ======================================================================
2026-08-14 21:48:49 [INFO] FL-CLIENT-power - Initializing FL client
2026-08-14 21:48:49 [INFO] FL-CLIENT-power - Client name : power
2026-08-14 21:48:49 [INFO] FL-CLIENT-power - Model       : mlp
2026-08-14 21:48:49 [INFO] FL-CLIENT-power - Device      : cpu
2026-08-14 21:48:50 [INFO] FL-CLIENT-power - HE context loaded successfully (secret key present)
2026-08-14 21:48:50 [INFO] FL-CLIENT-power - Parameter shapes loaded: 14
2026-08-14 21:48:50 [INFO] FL-CLIENT-power - Buffer shapes loaded: 9
2026-08-14 21:48:51 [INFO] FL-CLIENT-power - Dataset loaded
2026-08-14 21:48:51 [INFO] FL-CLIENT-power - Features     : 19
2026-08-14 21:48:51 [INFO] FL-CLIENT-power - Train samples: 24759
2026-08-14 21:48:51 [INFO] FL-CLIENT-power - Test samples : 6190
2026-08-14 21:48:55 [INFO] FL-CLIENT-power - Model initialized
2026-08-14 21:48:55 [INFO] FL-CLIENT-power - Trainable parameters: 5961
2026-08-14 21:48:55 [INFO] FL-CLIENT-power - Batch size          : 64
2026-08-14 21:48:55 [INFO] FL-CLIENT-power - Local epochs        : 3
2026-08-14 21:48:55 [INFO] FL-CLIENT-power - Learning rate       : 0.001000
2026-08-14 21:48:55 [INFO] FL-CLIENT-power - ======================================================================
2026-08-14 21:48:55 [INFO] FL-CLIENT-power - Connecting to Flower server using TLS...
2026-08-14 21:50:52 [INFO] FL-CLIENT-power - Plaintext global model initialization received
2026-08-14 21:50:52 [INFO] FL-CLIENT-power - Round 1 | local training started | epochs=3 | FedProx mu=0.010000
2026-08-14 21:51:10 [INFO] FL-CLIENT-power - Round 1 | epoch 1/3 | task_loss=0.460326 | FedProx mu=0.010000
2026-08-14 21:51:26 [INFO] FL-CLIENT-power - Round 1 | epoch 2/3 | task_loss=0.303161 | FedProx mu=0.010000
2026-08-14 21:51:32 [INFO] FL-CLIENT-power - Round 1 | epoch 3/3 | task_loss=0.283948 | FedProx mu=0.010000
2026-08-14 21:51:32 [INFO] FL-CLIENT-power - Round 1 | training completed | final_loss=0.283948 | duration=40.235 s | samples=24759
2026-08-14 21:51:32 [INFO] FL-CLIENT-power - Round 1 | encrypting local model...
2026-08-14 21:51:32 [INFO] FL-CLIENT-power - Encrypting local model parameters...
2026-08-14 21:51:32 [INFO] FL-CLIENT-power - Model parameters encrypted
2026-08-14 21:51:32 [INFO] FL-CLIENT-power - Ciphertext size: 657608 bytes
2026-08-14 21:51:32 [INFO] FL-CLIENT-power - Round 1 | encrypted model ready for transmission
2026-08-14 21:52:46 [INFO] FL-CLIENT-power - Encrypted global model received
2026-08-14 21:52:46 [INFO] FL-CLIENT-power - Decrypting global model...
2026-08-14 21:52:46 [INFO] FL-CLIENT-power - Global model decrypted successfully
2026-08-14 21:52:46 [INFO] FL-CLIENT-power - Round 1 | evaluation completed | loss=2.176057 | accuracy=0.109855 | duration=0.592 s | samples=6190
2026-08-14 21:52:50 [INFO] FL-CLIENT-power - Encrypted global model received
2026-08-14 21:52:50 [INFO] FL-CLIENT-power - Decrypting global model...
2026-08-14 21:52:50 [INFO] FL-CLIENT-power - Global model decrypted successfully
2026-08-14 21:52:50 [INFO] FL-CLIENT-power - Round 2 | local training started | epochs=3 | FedProx mu=0.010000
2026-08-14 21:52:59 [INFO] FL-CLIENT-power - Round 2 | epoch 1/3 | task_loss=0.346520 | FedProx mu=0.010000
2026-08-14 21:53:08 [INFO] FL-CLIENT-power - Round 2 | epoch 2/3 | task_loss=0.294202 | FedProx mu=0.010000
2026-08-14 21:53:16 [INFO] FL-CLIENT-power - Round 2 | epoch 3/3 | task_loss=0.276133 | FedProx mu=0.010000
2026-08-14 21:53:16 [INFO] FL-CLIENT-power - Round 2 | training completed | final_loss=0.276133 | duration=25.284 s | samples=24759
2026-08-14 21:53:16 [INFO] FL-CLIENT-power - Round 2 | encrypting local model...
2026-08-14 21:53:16 [INFO] FL-CLIENT-power - Encrypting local model parameters...
2026-08-14 21:53:16 [INFO] FL-CLIENT-power - Model parameters encrypted
2026-08-14 21:53:16 [INFO] FL-CLIENT-power - Ciphertext size: 657332 bytes
2026-08-14 21:53:16 [INFO] FL-CLIENT-power - Round 2 | encrypted model ready for transmission
2026-08-14 21:57:47 [INFO] FL-CLIENT-power - Encrypted global model received
2026-08-14 21:57:47 [INFO] FL-CLIENT-power - Decrypting global model...
2026-08-14 21:57:47 [INFO] FL-CLIENT-power - Global model decrypted successfully
2026-08-14 21:57:48 [INFO] FL-CLIENT-power - Round 2 | evaluation completed | loss=1.218287 | accuracy=0.109047 | duration=0.863 s | samples=6190
2026-08-14 21:57:53 [INFO] FL-CLIENT-power - Encrypted global model received
2026-08-14 21:57:53 [INFO] FL-CLIENT-power - Decrypting global model...
2026-08-14 21:57:53 [INFO] FL-CLIENT-power - Global model decrypted successfully
2026-08-14 21:57:53 [INFO] FL-CLIENT-power - Round 3 | local training started | epochs=3 | FedProx mu=0.010000
2026-08-14 21:58:10 [INFO] FL-CLIENT-power - Round 3 | epoch 1/3 | task_loss=0.327999 | FedProx mu=0.010000
2026-08-14 21:58:28 [INFO] FL-CLIENT-power - Round 3 | epoch 2/3 | task_loss=0.296049 | FedProx mu=0.010000
2026-08-14 21:58:44 [INFO] FL-CLIENT-power - Round 3 | epoch 3/3 | task_loss=0.274699 | FedProx mu=0.010000
2026-08-14 21:58:44 [INFO] FL-CLIENT-power - Round 3 | training completed | final_loss=0.274699 | duration=51.691 s | samples=24759
2026-08-14 21:58:44 [INFO] FL-CLIENT-power - Round 3 | encrypting local model...
2026-08-14 21:58:44 [INFO] FL-CLIENT-power - Encrypting local model parameters...
2026-08-14 21:58:45 [INFO] FL-CLIENT-power - Model parameters encrypted
2026-08-14 21:58:45 [INFO] FL-CLIENT-power - Ciphertext size: 657447 bytes
2026-08-14 21:58:45 [INFO] FL-CLIENT-power - Round 3 | encrypted model ready for transmission
2026-08-14 22:02:44 [INFO] FL-CLIENT-power - Encrypted global model received
2026-08-14 22:02:44 [INFO] FL-CLIENT-power - Decrypting global model...
2026-08-14 22:02:44 [INFO] FL-CLIENT-power - Global model decrypted successfully
2026-08-14 22:02:45 [INFO] FL-CLIENT-power - Round 3 | evaluation completed | loss=0.852120 | accuracy=0.139257 | duration=0.522 s | samples=6190
2026-08-14 22:02:50 [INFO] FL-CLIENT-power - Encrypted global model received
2026-08-14 22:02:50 [INFO] FL-CLIENT-power - Decrypting global model...
2026-08-14 22:02:50 [INFO] FL-CLIENT-power - Global model decrypted successfully
2026-08-14 22:02:50 [INFO] FL-CLIENT-power - Round 4 | local training started | epochs=3 | FedProx mu=0.010000
2026-08-14 22:02:57 [INFO] FL-CLIENT-power - Round 4 | epoch 1/3 | task_loss=0.334313 | FedProx mu=0.010000
2026-08-14 22:03:02 [INFO] FL-CLIENT-power - Round 4 | epoch 2/3 | task_loss=0.292730 | FedProx mu=0.010000
2026-08-14 22:03:07 [INFO] FL-CLIENT-power - Round 4 | epoch 3/3 | task_loss=0.272645 | FedProx mu=0.010000
2026-08-14 22:03:07 [INFO] FL-CLIENT-power - Round 4 | training completed | final_loss=0.272645 | duration=17.513 s | samples=24759
2026-08-14 22:03:07 [INFO] FL-CLIENT-power - Round 4 | encrypting local model...
2026-08-14 22:03:07 [INFO] FL-CLIENT-power - Encrypting local model parameters...
2026-08-14 22:03:07 [INFO] FL-CLIENT-power - Model parameters encrypted
2026-08-14 22:03:07 [INFO] FL-CLIENT-power - Ciphertext size: 657806 bytes
2026-08-14 22:03:07 [INFO] FL-CLIENT-power - Round 4 | encrypted model ready for transmission
2026-08-14 22:07:10 [INFO] FL-CLIENT-power - Encrypted global model received
2026-08-14 22:07:10 [INFO] FL-CLIENT-power - Decrypting global model...
2026-08-14 22:07:10 [INFO] FL-CLIENT-power - Global model decrypted successfully
2026-08-14 22:07:11 [INFO] FL-CLIENT-power - Round 4 | evaluation completed | loss=0.535417 | accuracy=0.860582 | duration=0.447 s | samples=6190
2026-08-14 22:07:15 [INFO] FL-CLIENT-power - Encrypted global model received
2026-08-14 22:07:15 [INFO] FL-CLIENT-power - Decrypting global model...
2026-08-14 22:07:15 [INFO] FL-CLIENT-power - Global model decrypted successfully
2026-08-14 22:07:15 [INFO] FL-CLIENT-power - Round 5 | local training started | epochs=3 | FedProx mu=0.010000
2026-08-14 22:07:24 [INFO] FL-CLIENT-power - Round 5 | epoch 1/3 | task_loss=0.325500 | FedProx mu=0.010000
2026-08-14 22:07:32 [INFO] FL-CLIENT-power - Round 5 | epoch 2/3 | task_loss=0.287303 | FedProx mu=0.010000
2026-08-14 22:07:39 [INFO] FL-CLIENT-power - Round 5 | epoch 3/3 | task_loss=0.271034 | FedProx mu=0.010000
2026-08-14 22:07:39 [INFO] FL-CLIENT-power - Round 5 | training completed | final_loss=0.271034 | duration=24.407 s | samples=24759
2026-08-14 22:07:39 [INFO] FL-CLIENT-power - Round 5 | encrypting local model...
2026-08-14 22:07:39 [INFO] FL-CLIENT-power - Encrypting local model parameters...
2026-08-14 22:07:39 [INFO] FL-CLIENT-power - Model parameters encrypted
2026-08-14 22:07:39 [INFO] FL-CLIENT-power - Ciphertext size: 657453 bytes
2026-08-14 22:07:39 [INFO] FL-CLIENT-power - Round 5 | encrypted model ready for transmission
2026-08-14 22:11:39 [INFO] FL-CLIENT-power - Encrypted global model received
2026-08-14 22:11:39 [INFO] FL-CLIENT-power - Decrypting global model...
2026-08-14 22:11:39 [INFO] FL-CLIENT-power - Global model decrypted successfully
2026-08-14 22:11:40 [INFO] FL-CLIENT-power - Round 5 | evaluation completed | loss=0.615321 | accuracy=0.871244 | duration=0.485 s | samples=6190
2026-08-14 22:11:44 [INFO] FL-CLIENT-power - Encrypted global model received
2026-08-14 22:11:44 [INFO] FL-CLIENT-power - Decrypting global model...
2026-08-14 22:11:44 [INFO] FL-CLIENT-power - Global model decrypted successfully
2026-08-14 22:11:44 [INFO] FL-CLIENT-power - Round 6 | local training started | epochs=3 | FedProx mu=0.010000
2026-08-14 22:11:52 [INFO] FL-CLIENT-power - Round 6 | epoch 1/3 | task_loss=0.308761 | FedProx mu=0.010000
2026-08-14 22:11:59 [INFO] FL-CLIENT-power - Round 6 | epoch 2/3 | task_loss=0.280276 | FedProx mu=0.010000
2026-08-14 22:12:06 [INFO] FL-CLIENT-power - Round 6 | epoch 3/3 | task_loss=0.269614 | FedProx mu=0.010000
2026-08-14 22:12:06 [INFO] FL-CLIENT-power - Round 6 | training completed | final_loss=0.269614 | duration=22.327 s | samples=24759
2026-08-14 22:12:06 [INFO] FL-CLIENT-power - Round 6 | encrypting local model...
2026-08-14 22:12:06 [INFO] FL-CLIENT-power - Encrypting local model parameters...
2026-08-14 22:12:06 [INFO] FL-CLIENT-power - Model parameters encrypted
2026-08-14 22:12:06 [INFO] FL-CLIENT-power - Ciphertext size: 657511 bytes
2026-08-14 22:12:06 [INFO] FL-CLIENT-power - Round 6 | encrypted model ready for transmission
2026-08-14 22:15:04 [INFO] FL-CLIENT-power - Encrypted global model received
2026-08-14 22:15:04 [INFO] FL-CLIENT-power - Decrypting global model...
2026-08-14 22:15:04 [INFO] FL-CLIENT-power - Global model decrypted successfully
2026-08-14 22:15:05 [INFO] FL-CLIENT-power - Round 6 | evaluation completed | loss=0.635877 | accuracy=0.508239 | duration=0.850 s | samples=6190
2026-08-14 22:15:10 [INFO] FL-CLIENT-power - Encrypted global model received
2026-08-14 22:15:10 [INFO] FL-CLIENT-power - Decrypting global model...
2026-08-14 22:15:10 [INFO] FL-CLIENT-power - Global model decrypted successfully
2026-08-14 22:15:10 [INFO] FL-CLIENT-power - Round 7 | local training started | epochs=3 | FedProx mu=0.010000
2026-08-14 22:15:27 [INFO] FL-CLIENT-power - Round 7 | epoch 1/3 | task_loss=0.318533 | FedProx mu=0.010000
2026-08-14 22:15:32 [INFO] FL-CLIENT-power - Round 7 | epoch 2/3 | task_loss=0.282617 | FedProx mu=0.010000
2026-08-14 22:15:41 [INFO] FL-CLIENT-power - Round 7 | epoch 3/3 | task_loss=0.264596 | FedProx mu=0.010000
2026-08-14 22:15:41 [INFO] FL-CLIENT-power - Round 7 | training completed | final_loss=0.264596 | duration=31.583 s | samples=24759
2026-08-14 22:15:41 [INFO] FL-CLIENT-power - Round 7 | encrypting local model...
2026-08-14 22:15:41 [INFO] FL-CLIENT-power - Encrypting local model parameters...
2026-08-14 22:15:41 [INFO] FL-CLIENT-power - Model parameters encrypted
2026-08-14 22:15:41 [INFO] FL-CLIENT-power - Ciphertext size: 657282 bytes
2026-08-14 22:15:41 [INFO] FL-CLIENT-power - Round 7 | encrypted model ready for transmission
2026-08-14 22:20:06 [INFO] FL-CLIENT-power - Encrypted global model received
2026-08-14 22:20:06 [INFO] FL-CLIENT-power - Decrypting global model...
2026-08-14 22:20:06 [INFO] FL-CLIENT-power - Global model decrypted successfully
2026-08-14 22:20:07 [INFO] FL-CLIENT-power - Round 7 | evaluation completed | loss=0.593304 | accuracy=0.906139 | duration=0.846 s | samples=6190
2026-08-14 22:20:12 [INFO] FL-CLIENT-power - Encrypted global model received
2026-08-14 22:20:12 [INFO] FL-CLIENT-power - Decrypting global model...
2026-08-14 22:20:12 [INFO] FL-CLIENT-power - Global model decrypted successfully
2026-08-14 22:20:12 [INFO] FL-CLIENT-power - Round 8 | local training started | epochs=3 | FedProx mu=0.010000
2026-08-14 22:20:20 [INFO] FL-CLIENT-power - Round 8 | epoch 1/3 | task_loss=0.313420 | FedProx mu=0.010000
2026-08-14 22:20:24 [INFO] FL-CLIENT-power - Round 8 | epoch 2/3 | task_loss=0.275784 | FedProx mu=0.010000
2026-08-14 22:20:27 [INFO] FL-CLIENT-power - Round 8 | epoch 3/3 | task_loss=0.260760 | FedProx mu=0.010000
2026-08-14 22:20:27 [INFO] FL-CLIENT-power - Round 8 | training completed | final_loss=0.260760 | duration=15.637 s | samples=24759
2026-08-14 22:20:27 [INFO] FL-CLIENT-power - Round 8 | encrypting local model...
2026-08-14 22:20:27 [INFO] FL-CLIENT-power - Encrypting local model parameters...
2026-08-14 22:20:27 [INFO] FL-CLIENT-power - Model parameters encrypted
2026-08-14 22:20:27 [INFO] FL-CLIENT-power - Ciphertext size: 658265 bytes
2026-08-14 22:20:27 [INFO] FL-CLIENT-power - Round 8 | encrypted model ready for transmission
2026-08-14 22:22:50 [INFO] FL-CLIENT-power - Encrypted global model received
2026-08-14 22:22:50 [INFO] FL-CLIENT-power - Decrypting global model...
2026-08-14 22:22:50 [INFO] FL-CLIENT-power - Global model decrypted successfully
2026-08-14 22:22:50 [INFO] FL-CLIENT-power - Round 8 | evaluation completed | loss=0.358589 | accuracy=0.904039 | duration=0.126 s | samples=6190
2026-08-14 22:22:53 [INFO] FL-CLIENT-power - Encrypted global model received
2026-08-14 22:22:53 [INFO] FL-CLIENT-power - Decrypting global model...
2026-08-14 22:22:53 [INFO] FL-CLIENT-power - Global model decrypted successfully
2026-08-14 22:22:53 [INFO] FL-CLIENT-power - Round 9 | local training started | epochs=3 | FedProx mu=0.010000
2026-08-14 22:22:56 [INFO] FL-CLIENT-power - Round 9 | epoch 1/3 | task_loss=0.315270 | FedProx mu=0.010000
2026-08-14 22:23:03 [INFO] FL-CLIENT-power - Round 9 | epoch 2/3 | task_loss=0.271388 | FedProx mu=0.010000
2026-08-14 22:23:10 [INFO] FL-CLIENT-power - Round 9 | epoch 3/3 | task_loss=0.263749 | FedProx mu=0.010000
2026-08-14 22:23:10 [INFO] FL-CLIENT-power - Round 9 | training completed | final_loss=0.263749 | duration=17.136 s | samples=24759
2026-08-14 22:23:10 [INFO] FL-CLIENT-power - Round 9 | encrypting local model...
2026-08-14 22:23:10 [INFO] FL-CLIENT-power - Encrypting local model parameters...
2026-08-14 22:23:10 [INFO] FL-CLIENT-power - Model parameters encrypted
2026-08-14 22:23:10 [INFO] FL-CLIENT-power - Ciphertext size: 658209 bytes
2026-08-14 22:23:10 [INFO] FL-CLIENT-power - Round 9 | encrypted model ready for transmission
2026-08-14 22:26:16 [INFO] FL-CLIENT-power - Encrypted global model received
2026-08-14 22:26:16 [INFO] FL-CLIENT-power - Decrypting global model...
2026-08-14 22:26:16 [INFO] FL-CLIENT-power - Global model decrypted successfully
2026-08-14 22:26:16 [INFO] FL-CLIENT-power - Round 9 | evaluation completed | loss=0.553551 | accuracy=0.906947 | duration=0.383 s | samples=6190
2026-08-14 22:26:21 [INFO] FL-CLIENT-power - Encrypted global model received
2026-08-14 22:26:21 [INFO] FL-CLIENT-power - Decrypting global model...
2026-08-14 22:26:21 [INFO] FL-CLIENT-power - Global model decrypted successfully
2026-08-14 22:26:21 [INFO] FL-CLIENT-power - Round 10 | local training started | epochs=3 | FedProx mu=0.010000
2026-08-14 22:26:26 [INFO] FL-CLIENT-power - Round 10 | epoch 1/3 | task_loss=0.307850 | FedProx mu=0.010000
2026-08-14 22:26:31 [INFO] FL-CLIENT-power - Round 10 | epoch 2/3 | task_loss=0.276374 | FedProx mu=0.010000
2026-08-14 22:26:35 [INFO] FL-CLIENT-power - Round 10 | epoch 3/3 | task_loss=0.264829 | FedProx mu=0.010000
2026-08-14 22:26:35 [INFO] FL-CLIENT-power - Round 10 | training completed | final_loss=0.264829 | duration=14.347 s | samples=24759
2026-08-14 22:26:35 [INFO] FL-CLIENT-power - Round 10 | encrypting local model...
2026-08-14 22:26:35 [INFO] FL-CLIENT-power - Encrypting local model parameters...
2026-08-14 22:26:35 [INFO] FL-CLIENT-power - Model parameters encrypted
2026-08-14 22:26:35 [INFO] FL-CLIENT-power - Ciphertext size: 657837 bytes
2026-08-14 22:26:35 [INFO] FL-CLIENT-power - Round 10 | encrypted model ready for transmission
2026-08-14 22:30:44 [INFO] FL-CLIENT-power - Encrypted global model received
2026-08-14 22:30:44 [INFO] FL-CLIENT-power - Decrypting global model...
2026-08-14 22:30:44 [INFO] FL-CLIENT-power - Global model decrypted successfully
2026-08-14 22:30:45 [INFO] FL-CLIENT-power - Round 10 | evaluation completed | loss=0.447544 | accuracy=0.906624 | duration=0.485 s | samples=6190
