2026-08-14 21:50:43 [INFO] FL-CLIENT-beneficiation - ======================================================================
2026-08-14 21:50:43 [INFO] FL-CLIENT-beneficiation - FL client starting
2026-08-14 21:50:43 [INFO] FL-CLIENT-beneficiation - Client        : beneficiation
2026-08-14 21:50:43 [INFO] FL-CLIENT-beneficiation - Server        : 127.0.0.1:8080
2026-08-14 21:50:43 [INFO] FL-CLIENT-beneficiation - Model         : mlp
2026-08-14 21:50:43 [INFO] FL-CLIENT-beneficiation - Local epochs  : 3
2026-08-14 21:50:43 [INFO] FL-CLIENT-beneficiation - Batch size    : 64
2026-08-14 21:50:43 [INFO] FL-CLIENT-beneficiation - Learning rate : 0.001000
2026-08-14 21:50:43 [INFO] FL-CLIENT-beneficiation - Device        : cpu
2026-08-14 21:50:43 [INFO] FL-CLIENT-beneficiation - HE context    : security\keys\he_context_full.seal
2026-08-14 21:50:43 [INFO] FL-CLIENT-beneficiation - CA certificate: security\certificates\ca.crt
2026-08-14 21:50:43 [INFO] FL-CLIENT-beneficiation - TLS CA certificate found
2026-08-14 21:50:43 [INFO] FL-CLIENT-beneficiation - ======================================================================
2026-08-14 21:50:43 [INFO] FL-CLIENT-beneficiation - Initializing FL client
2026-08-14 21:50:43 [INFO] FL-CLIENT-beneficiation - Client name : beneficiation
2026-08-14 21:50:43 [INFO] FL-CLIENT-beneficiation - Model       : mlp
2026-08-14 21:50:43 [INFO] FL-CLIENT-beneficiation - Device      : cpu
2026-08-14 21:50:44 [INFO] FL-CLIENT-beneficiation - HE context loaded successfully (secret key present)
2026-08-14 21:50:44 [INFO] FL-CLIENT-beneficiation - Parameter shapes loaded: 14
2026-08-14 21:50:44 [INFO] FL-CLIENT-beneficiation - Buffer shapes loaded: 9
2026-08-14 21:50:46 [INFO] FL-CLIENT-beneficiation - Dataset loaded
2026-08-14 21:50:46 [INFO] FL-CLIENT-beneficiation - Features     : 19
2026-08-14 21:50:46 [INFO] FL-CLIENT-beneficiation - Train samples: 162873
2026-08-14 21:50:46 [INFO] FL-CLIENT-beneficiation - Test samples : 40719
2026-08-14 21:50:50 [INFO] FL-CLIENT-beneficiation - Model initialized
2026-08-14 21:50:50 [INFO] FL-CLIENT-beneficiation - Trainable parameters: 5961
2026-08-14 21:50:50 [INFO] FL-CLIENT-beneficiation - Batch size          : 64
2026-08-14 21:50:50 [INFO] FL-CLIENT-beneficiation - Local epochs        : 3
2026-08-14 21:50:50 [INFO] FL-CLIENT-beneficiation - Learning rate       : 0.001000
2026-08-14 21:50:50 [INFO] FL-CLIENT-beneficiation - ======================================================================
2026-08-14 21:50:50 [INFO] FL-CLIENT-beneficiation - Connecting to Flower server using TLS...
2026-08-14 21:50:52 [INFO] FL-CLIENT-beneficiation - Plaintext global model initialization received
2026-08-14 21:50:52 [INFO] FL-CLIENT-beneficiation - Round 1 | local training started | epochs=3 | FedProx mu=0.010000
2026-08-14 21:51:54 [INFO] FL-CLIENT-beneficiation - Round 1 | epoch 1/3 | task_loss=0.301388 | FedProx mu=0.010000
2026-08-14 21:52:21 [INFO] FL-CLIENT-beneficiation - Round 1 | epoch 2/3 | task_loss=0.281034 | FedProx mu=0.010000
2026-08-14 21:52:46 [INFO] FL-CLIENT-beneficiation - Round 1 | epoch 3/3 | task_loss=0.279325 | FedProx mu=0.010000
2026-08-14 21:52:46 [INFO] FL-CLIENT-beneficiation - Round 1 | training completed | final_loss=0.279325 | duration=113.851 s | samples=162873
2026-08-14 21:52:46 [INFO] FL-CLIENT-beneficiation - Round 1 | encrypting local model...
2026-08-14 21:52:46 [INFO] FL-CLIENT-beneficiation - Encrypting local model parameters...
2026-08-14 21:52:46 [INFO] FL-CLIENT-beneficiation - Model parameters encrypted
2026-08-14 21:52:46 [INFO] FL-CLIENT-beneficiation - Ciphertext size: 657400 bytes
2026-08-14 21:52:46 [INFO] FL-CLIENT-beneficiation - Round 1 | encrypted model ready for transmission
2026-08-14 21:52:46 [INFO] FL-CLIENT-beneficiation - Encrypted global model received
2026-08-14 21:52:46 [INFO] FL-CLIENT-beneficiation - Decrypting global model...
2026-08-14 21:52:46 [INFO] FL-CLIENT-beneficiation - Global model decrypted successfully
2026-08-14 21:52:48 [INFO] FL-CLIENT-beneficiation - Round 1 | evaluation completed | loss=0.865534 | accuracy=0.531914 | duration=2.101 s | samples=40719
2026-08-14 21:52:50 [INFO] FL-CLIENT-beneficiation - Encrypted global model received
2026-08-14 21:52:50 [INFO] FL-CLIENT-beneficiation - Decrypting global model...
2026-08-14 21:52:50 [INFO] FL-CLIENT-beneficiation - Global model decrypted successfully
2026-08-14 21:52:50 [INFO] FL-CLIENT-beneficiation - Round 2 | local training started | epochs=3 | FedProx mu=0.010000
2026-08-14 21:53:41 [INFO] FL-CLIENT-beneficiation - Round 2 | epoch 1/3 | task_loss=0.281824 | FedProx mu=0.010000
2026-08-14 21:54:39 [INFO] FL-CLIENT-beneficiation - Round 2 | epoch 2/3 | task_loss=0.274553 | FedProx mu=0.010000
2026-08-14 21:55:09 [INFO] FL-CLIENT-beneficiation - Round 2 | epoch 3/3 | task_loss=0.274693 | FedProx mu=0.010000
2026-08-14 21:55:09 [INFO] FL-CLIENT-beneficiation - Round 2 | training completed | final_loss=0.274693 | duration=138.718 s | samples=162873
2026-08-14 21:55:09 [INFO] FL-CLIENT-beneficiation - Round 2 | encrypting local model...
2026-08-14 21:55:09 [INFO] FL-CLIENT-beneficiation - Encrypting local model parameters...
2026-08-14 21:55:09 [INFO] FL-CLIENT-beneficiation - Model parameters encrypted
2026-08-14 21:55:09 [INFO] FL-CLIENT-beneficiation - Ciphertext size: 657759 bytes
2026-08-14 21:55:09 [INFO] FL-CLIENT-beneficiation - Round 2 | encrypted model ready for transmission
2026-08-14 21:57:47 [INFO] FL-CLIENT-beneficiation - Encrypted global model received
2026-08-14 21:57:47 [INFO] FL-CLIENT-beneficiation - Decrypting global model...
2026-08-14 21:57:47 [INFO] FL-CLIENT-beneficiation - Global model decrypted successfully
2026-08-14 21:57:50 [INFO] FL-CLIENT-beneficiation - Round 2 | evaluation completed | loss=0.571211 | accuracy=0.678995 | duration=3.363 s | samples=40719
2026-08-14 21:57:53 [INFO] FL-CLIENT-beneficiation - Encrypted global model received
2026-08-14 21:57:53 [INFO] FL-CLIENT-beneficiation - Decrypting global model...
2026-08-14 21:57:53 [INFO] FL-CLIENT-beneficiation - Global model decrypted successfully
2026-08-14 21:57:53 [INFO] FL-CLIENT-beneficiation - Round 3 | local training started | epochs=3 | FedProx mu=0.010000
2026-08-14 21:59:19 [INFO] FL-CLIENT-beneficiation - Round 3 | epoch 1/3 | task_loss=0.275924 | FedProx mu=0.010000
2026-08-14 21:59:58 [INFO] FL-CLIENT-beneficiation - Round 3 | epoch 2/3 | task_loss=0.272216 | FedProx mu=0.010000
2026-08-14 22:00:29 [INFO] FL-CLIENT-beneficiation - Round 3 | epoch 3/3 | task_loss=0.271383 | FedProx mu=0.010000
2026-08-14 22:00:29 [INFO] FL-CLIENT-beneficiation - Round 3 | training completed | final_loss=0.271383 | duration=156.663 s | samples=162873
2026-08-14 22:00:29 [INFO] FL-CLIENT-beneficiation - Round 3 | encrypting local model...
2026-08-14 22:00:29 [INFO] FL-CLIENT-beneficiation - Encrypting local model parameters...
2026-08-14 22:00:29 [INFO] FL-CLIENT-beneficiation - Model parameters encrypted
2026-08-14 22:00:29 [INFO] FL-CLIENT-beneficiation - Ciphertext size: 658170 bytes
2026-08-14 22:00:29 [INFO] FL-CLIENT-beneficiation - Round 3 | encrypted model ready for transmission
2026-08-14 22:02:44 [INFO] FL-CLIENT-beneficiation - Encrypted global model received
2026-08-14 22:02:44 [INFO] FL-CLIENT-beneficiation - Decrypting global model...
2026-08-14 22:02:44 [INFO] FL-CLIENT-beneficiation - Global model decrypted successfully
2026-08-14 22:02:47 [INFO] FL-CLIENT-beneficiation - Round 3 | evaluation completed | loss=0.480197 | accuracy=0.777794 | duration=2.397 s | samples=40719
2026-08-14 22:02:50 [INFO] FL-CLIENT-beneficiation - Encrypted global model received
2026-08-14 22:02:50 [INFO] FL-CLIENT-beneficiation - Decrypting global model...
2026-08-14 22:02:50 [INFO] FL-CLIENT-beneficiation - Global model decrypted successfully
2026-08-14 22:02:50 [INFO] FL-CLIENT-beneficiation - Round 4 | local training started | epochs=3 | FedProx mu=0.010000
2026-08-14 22:03:40 [INFO] FL-CLIENT-beneficiation - Round 4 | epoch 1/3 | task_loss=0.274591 | FedProx mu=0.010000
2026-08-14 22:04:19 [INFO] FL-CLIENT-beneficiation - Round 4 | epoch 2/3 | task_loss=0.270980 | FedProx mu=0.010000
2026-08-14 22:04:49 [INFO] FL-CLIENT-beneficiation - Round 4 | epoch 3/3 | task_loss=0.270882 | FedProx mu=0.010000
2026-08-14 22:04:49 [INFO] FL-CLIENT-beneficiation - Round 4 | training completed | final_loss=0.270882 | duration=119.621 s | samples=162873
2026-08-14 22:04:49 [INFO] FL-CLIENT-beneficiation - Round 4 | encrypting local model...
2026-08-14 22:04:49 [INFO] FL-CLIENT-beneficiation - Encrypting local model parameters...
2026-08-14 22:04:49 [INFO] FL-CLIENT-beneficiation - Model parameters encrypted
2026-08-14 22:04:49 [INFO] FL-CLIENT-beneficiation - Ciphertext size: 658153 bytes
2026-08-14 22:04:49 [INFO] FL-CLIENT-beneficiation - Round 4 | encrypted model ready for transmission
2026-08-14 22:07:10 [INFO] FL-CLIENT-beneficiation - Encrypted global model received
2026-08-14 22:07:10 [INFO] FL-CLIENT-beneficiation - Decrypting global model...
2026-08-14 22:07:10 [INFO] FL-CLIENT-beneficiation - Global model decrypted successfully
2026-08-14 22:07:12 [INFO] FL-CLIENT-beneficiation - Round 4 | evaluation completed | loss=0.438739 | accuracy=0.813969 | duration=2.163 s | samples=40719
2026-08-14 22:07:15 [INFO] FL-CLIENT-beneficiation - Encrypted global model received
2026-08-14 22:07:15 [INFO] FL-CLIENT-beneficiation - Decrypting global model...
2026-08-14 22:07:15 [INFO] FL-CLIENT-beneficiation - Global model decrypted successfully
2026-08-14 22:07:15 [INFO] FL-CLIENT-beneficiation - Round 5 | local training started | epochs=3 | FedProx mu=0.010000
2026-08-14 22:08:12 [INFO] FL-CLIENT-beneficiation - Round 5 | epoch 1/3 | task_loss=0.273751 | FedProx mu=0.010000
2026-08-14 22:08:50 [INFO] FL-CLIENT-beneficiation - Round 5 | epoch 2/3 | task_loss=0.270388 | FedProx mu=0.010000
2026-08-14 22:09:20 [INFO] FL-CLIENT-beneficiation - Round 5 | epoch 3/3 | task_loss=0.269243 | FedProx mu=0.010000
2026-08-14 22:09:20 [INFO] FL-CLIENT-beneficiation - Round 5 | training completed | final_loss=0.269243 | duration=125.122 s | samples=162873
2026-08-14 22:09:20 [INFO] FL-CLIENT-beneficiation - Round 5 | encrypting local model...
2026-08-14 22:09:20 [INFO] FL-CLIENT-beneficiation - Encrypting local model parameters...
2026-08-14 22:09:20 [INFO] FL-CLIENT-beneficiation - Model parameters encrypted
2026-08-14 22:09:20 [INFO] FL-CLIENT-beneficiation - Ciphertext size: 658042 bytes
2026-08-14 22:09:20 [INFO] FL-CLIENT-beneficiation - Round 5 | encrypted model ready for transmission
2026-08-14 22:11:39 [INFO] FL-CLIENT-beneficiation - Encrypted global model received
2026-08-14 22:11:39 [INFO] FL-CLIENT-beneficiation - Decrypting global model...
2026-08-14 22:11:39 [INFO] FL-CLIENT-beneficiation - Global model decrypted successfully
2026-08-14 22:11:41 [INFO] FL-CLIENT-beneficiation - Round 5 | evaluation completed | loss=0.506117 | accuracy=0.851151 | duration=2.050 s | samples=40719
2026-08-14 22:11:44 [INFO] FL-CLIENT-beneficiation - Encrypted global model received
2026-08-14 22:11:44 [INFO] FL-CLIENT-beneficiation - Decrypting global model...
2026-08-14 22:11:44 [INFO] FL-CLIENT-beneficiation - Global model decrypted successfully
2026-08-14 22:11:44 [INFO] FL-CLIENT-beneficiation - Round 6 | local training started | epochs=3 | FedProx mu=0.010000
2026-08-14 22:12:37 [INFO] FL-CLIENT-beneficiation - Round 6 | epoch 1/3 | task_loss=0.272687 | FedProx mu=0.010000
2026-08-14 22:13:01 [INFO] FL-CLIENT-beneficiation - Round 6 | epoch 2/3 | task_loss=0.268811 | FedProx mu=0.010000
2026-08-14 22:13:20 [INFO] FL-CLIENT-beneficiation - Round 6 | epoch 3/3 | task_loss=0.268544 | FedProx mu=0.010000
2026-08-14 22:13:20 [INFO] FL-CLIENT-beneficiation - Round 6 | training completed | final_loss=0.268544 | duration=96.182 s | samples=162873
2026-08-14 22:13:20 [INFO] FL-CLIENT-beneficiation - Round 6 | encrypting local model...
2026-08-14 22:13:20 [INFO] FL-CLIENT-beneficiation - Encrypting local model parameters...
2026-08-14 22:13:20 [INFO] FL-CLIENT-beneficiation - Model parameters encrypted
2026-08-14 22:13:20 [INFO] FL-CLIENT-beneficiation - Ciphertext size: 656952 bytes
2026-08-14 22:13:20 [INFO] FL-CLIENT-beneficiation - Round 6 | encrypted model ready for transmission
2026-08-14 22:15:04 [INFO] FL-CLIENT-beneficiation - Encrypted global model received
2026-08-14 22:15:04 [INFO] FL-CLIENT-beneficiation - Decrypting global model...
2026-08-14 22:15:04 [INFO] FL-CLIENT-beneficiation - Global model decrypted successfully
2026-08-14 22:15:07 [INFO] FL-CLIENT-beneficiation - Round 6 | evaluation completed | loss=0.429121 | accuracy=0.851101 | duration=2.906 s | samples=40719
2026-08-14 22:15:10 [INFO] FL-CLIENT-beneficiation - Encrypted global model received
2026-08-14 22:15:10 [INFO] FL-CLIENT-beneficiation - Decrypting global model...
2026-08-14 22:15:10 [INFO] FL-CLIENT-beneficiation - Global model decrypted successfully
2026-08-14 22:15:10 [INFO] FL-CLIENT-beneficiation - Round 7 | local training started | epochs=3 | FedProx mu=0.010000
2026-08-14 22:16:21 [INFO] FL-CLIENT-beneficiation - Round 7 | epoch 1/3 | task_loss=0.271909 | FedProx mu=0.010000
2026-08-14 22:17:10 [INFO] FL-CLIENT-beneficiation - Round 7 | epoch 2/3 | task_loss=0.267846 | FedProx mu=0.010000
2026-08-14 22:17:47 [INFO] FL-CLIENT-beneficiation - Round 7 | epoch 3/3 | task_loss=0.267098 | FedProx mu=0.010000
2026-08-14 22:17:47 [INFO] FL-CLIENT-beneficiation - Round 7 | training completed | final_loss=0.267098 | duration=156.850 s | samples=162873
2026-08-14 22:17:47 [INFO] FL-CLIENT-beneficiation - Round 7 | encrypting local model...
2026-08-14 22:17:47 [INFO] FL-CLIENT-beneficiation - Encrypting local model parameters...
2026-08-14 22:17:47 [INFO] FL-CLIENT-beneficiation - Model parameters encrypted
2026-08-14 22:17:47 [INFO] FL-CLIENT-beneficiation - Ciphertext size: 658090 bytes
2026-08-14 22:17:47 [INFO] FL-CLIENT-beneficiation - Round 7 | encrypted model ready for transmission
2026-08-14 22:20:06 [INFO] FL-CLIENT-beneficiation - Encrypted global model received
2026-08-14 22:20:06 [INFO] FL-CLIENT-beneficiation - Decrypting global model...
2026-08-14 22:20:06 [INFO] FL-CLIENT-beneficiation - Global model decrypted successfully
2026-08-14 22:20:09 [INFO] FL-CLIENT-beneficiation - Round 7 | evaluation completed | loss=0.501843 | accuracy=0.856774 | duration=2.875 s | samples=40719
2026-08-14 22:20:12 [INFO] FL-CLIENT-beneficiation - Encrypted global model received
2026-08-14 22:20:12 [INFO] FL-CLIENT-beneficiation - Decrypting global model...
2026-08-14 22:20:12 [INFO] FL-CLIENT-beneficiation - Global model decrypted successfully
2026-08-14 22:20:12 [INFO] FL-CLIENT-beneficiation - Round 8 | local training started | epochs=3 | FedProx mu=0.010000
2026-08-14 22:20:50 [INFO] FL-CLIENT-beneficiation - Round 8 | epoch 1/3 | task_loss=0.272002 | FedProx mu=0.010000
2026-08-14 22:21:11 [INFO] FL-CLIENT-beneficiation - Round 8 | epoch 2/3 | task_loss=0.267404 | FedProx mu=0.010000
2026-08-14 22:21:27 [INFO] FL-CLIENT-beneficiation - Round 8 | epoch 3/3 | task_loss=0.267220 | FedProx mu=0.010000
2026-08-14 22:21:27 [INFO] FL-CLIENT-beneficiation - Round 8 | training completed | final_loss=0.267220 | duration=75.457 s | samples=162873
2026-08-14 22:21:27 [INFO] FL-CLIENT-beneficiation - Round 8 | encrypting local model...
2026-08-14 22:21:27 [INFO] FL-CLIENT-beneficiation - Encrypting local model parameters...
2026-08-14 22:21:27 [INFO] FL-CLIENT-beneficiation - Model parameters encrypted
2026-08-14 22:21:27 [INFO] FL-CLIENT-beneficiation - Ciphertext size: 657686 bytes
2026-08-14 22:21:27 [INFO] FL-CLIENT-beneficiation - Round 8 | encrypted model ready for transmission
2026-08-14 22:22:50 [INFO] FL-CLIENT-beneficiation - Encrypted global model received
2026-08-14 22:22:50 [INFO] FL-CLIENT-beneficiation - Decrypting global model...
2026-08-14 22:22:50 [INFO] FL-CLIENT-beneficiation - Global model decrypted successfully
2026-08-14 22:22:51 [INFO] FL-CLIENT-beneficiation - Round 8 | evaluation completed | loss=0.562591 | accuracy=0.826125 | duration=1.285 s | samples=40719
2026-08-14 22:22:53 [INFO] FL-CLIENT-beneficiation - Encrypted global model received
2026-08-14 22:22:53 [INFO] FL-CLIENT-beneficiation - Decrypting global model...
2026-08-14 22:22:53 [INFO] FL-CLIENT-beneficiation - Global model decrypted successfully
2026-08-14 22:22:53 [INFO] FL-CLIENT-beneficiation - Round 9 | local training started | epochs=3 | FedProx mu=0.010000
2026-08-14 22:23:29 [INFO] FL-CLIENT-beneficiation - Round 9 | epoch 1/3 | task_loss=0.269896 | FedProx mu=0.010000
2026-08-14 22:23:50 [INFO] FL-CLIENT-beneficiation - Round 9 | epoch 2/3 | task_loss=0.266976 | FedProx mu=0.010000
2026-08-14 22:24:07 [INFO] FL-CLIENT-beneficiation - Round 9 | epoch 3/3 | task_loss=0.267178 | FedProx mu=0.010000
2026-08-14 22:24:07 [INFO] FL-CLIENT-beneficiation - Round 9 | training completed | final_loss=0.267178 | duration=74.606 s | samples=162873
2026-08-14 22:24:07 [INFO] FL-CLIENT-beneficiation - Round 9 | encrypting local model...
2026-08-14 22:24:07 [INFO] FL-CLIENT-beneficiation - Encrypting local model parameters...
2026-08-14 22:24:07 [INFO] FL-CLIENT-beneficiation - Model parameters encrypted
2026-08-14 22:24:07 [INFO] FL-CLIENT-beneficiation - Ciphertext size: 657438 bytes
2026-08-14 22:24:07 [INFO] FL-CLIENT-beneficiation - Round 9 | encrypted model ready for transmission
2026-08-14 22:26:16 [INFO] FL-CLIENT-beneficiation - Encrypted global model received
2026-08-14 22:26:16 [INFO] FL-CLIENT-beneficiation - Decrypting global model...
2026-08-14 22:26:16 [INFO] FL-CLIENT-beneficiation - Global model decrypted successfully
2026-08-14 22:26:18 [INFO] FL-CLIENT-beneficiation - Round 9 | evaluation completed | loss=0.519693 | accuracy=0.838306 | duration=2.099 s | samples=40719
2026-08-14 22:26:21 [INFO] FL-CLIENT-beneficiation - Encrypted global model received
2026-08-14 22:26:21 [INFO] FL-CLIENT-beneficiation - Decrypting global model...
2026-08-14 22:26:21 [INFO] FL-CLIENT-beneficiation - Global model decrypted successfully
2026-08-14 22:26:21 [INFO] FL-CLIENT-beneficiation - Round 10 | local training started | epochs=3 | FedProx mu=0.010000
2026-08-14 22:27:16 [INFO] FL-CLIENT-beneficiation - Round 10 | epoch 1/3 | task_loss=0.269423 | FedProx mu=0.010000
2026-08-14 22:27:55 [INFO] FL-CLIENT-beneficiation - Round 10 | epoch 2/3 | task_loss=0.266737 | FedProx mu=0.010000
2026-08-14 22:28:25 [INFO] FL-CLIENT-beneficiation - Round 10 | epoch 3/3 | task_loss=0.266100 | FedProx mu=0.010000
2026-08-14 22:28:25 [INFO] FL-CLIENT-beneficiation - Round 10 | training completed | final_loss=0.266100 | duration=124.110 s | samples=162873
2026-08-14 22:28:25 [INFO] FL-CLIENT-beneficiation - Round 10 | encrypting local model...
2026-08-14 22:28:25 [INFO] FL-CLIENT-beneficiation - Encrypting local model parameters...
2026-08-14 22:28:25 [INFO] FL-CLIENT-beneficiation - Model parameters encrypted
2026-08-14 22:28:25 [INFO] FL-CLIENT-beneficiation - Ciphertext size: 658077 bytes
2026-08-14 22:28:25 [INFO] FL-CLIENT-beneficiation - Round 10 | encrypted model ready for transmission
2026-08-14 22:30:44 [INFO] FL-CLIENT-beneficiation - Encrypted global model received
2026-08-14 22:30:44 [INFO] FL-CLIENT-beneficiation - Decrypting global model...
2026-08-14 22:30:44 [INFO] FL-CLIENT-beneficiation - Global model decrypted successfully
2026-08-14 22:30:46 [INFO] FL-CLIENT-beneficiation - Round 10 | evaluation completed | loss=0.514236 | accuracy=0.851691 | duration=2.129 s | samples=40719
