2026-08-14 21:50:52 [INFO] FL-CLIENT-granulation - ======================================================================
2026-08-14 21:50:52 [INFO] FL-CLIENT-granulation - FL client starting
2026-08-14 21:50:52 [INFO] FL-CLIENT-granulation - Client        : granulation
2026-08-14 21:50:52 [INFO] FL-CLIENT-granulation - Server        : 127.0.0.1:8080
2026-08-14 21:50:52 [INFO] FL-CLIENT-granulation - Model         : mlp
2026-08-14 21:50:52 [INFO] FL-CLIENT-granulation - Local epochs  : 3
2026-08-14 21:50:52 [INFO] FL-CLIENT-granulation - Batch size    : 64
2026-08-14 21:50:52 [INFO] FL-CLIENT-granulation - Learning rate : 0.001000
2026-08-14 21:50:52 [INFO] FL-CLIENT-granulation - Device        : cpu
2026-08-14 21:50:52 [INFO] FL-CLIENT-granulation - HE context    : security\keys\he_context_full.seal
2026-08-14 21:50:52 [INFO] FL-CLIENT-granulation - CA certificate: security\certificates\ca.crt
2026-08-14 21:50:52 [INFO] FL-CLIENT-granulation - TLS CA certificate found
2026-08-14 21:50:52 [INFO] FL-CLIENT-granulation - ======================================================================
2026-08-14 21:50:52 [INFO] FL-CLIENT-granulation - Initializing FL client
2026-08-14 21:50:52 [INFO] FL-CLIENT-granulation - Client name : granulation
2026-08-14 21:50:52 [INFO] FL-CLIENT-granulation - Model       : mlp
2026-08-14 21:50:52 [INFO] FL-CLIENT-granulation - Device      : cpu
2026-08-14 21:50:53 [INFO] FL-CLIENT-granulation - HE context loaded successfully (secret key present)
2026-08-14 21:50:53 [INFO] FL-CLIENT-granulation - Parameter shapes loaded: 14
2026-08-14 21:50:53 [INFO] FL-CLIENT-granulation - Buffer shapes loaded: 9
2026-08-14 21:50:56 [INFO] FL-CLIENT-granulation - Dataset loaded
2026-08-14 21:50:56 [INFO] FL-CLIENT-granulation - Features     : 19
2026-08-14 21:50:56 [INFO] FL-CLIENT-granulation - Train samples: 493793
2026-08-14 21:50:56 [INFO] FL-CLIENT-granulation - Test samples : 123449
2026-08-14 21:50:58 [INFO] FL-CLIENT-granulation - Model initialized
2026-08-14 21:50:58 [INFO] FL-CLIENT-granulation - Trainable parameters: 5961
2026-08-14 21:50:58 [INFO] FL-CLIENT-granulation - Batch size          : 64
2026-08-14 21:50:58 [INFO] FL-CLIENT-granulation - Local epochs        : 3
2026-08-14 21:50:58 [INFO] FL-CLIENT-granulation - Learning rate       : 0.001000
2026-08-14 21:50:58 [INFO] FL-CLIENT-granulation - ======================================================================
2026-08-14 21:50:58 [INFO] FL-CLIENT-granulation - Connecting to Flower server using TLS...
2026-08-14 21:52:46 [INFO] FL-CLIENT-granulation - Encrypted global model received
2026-08-14 21:52:46 [INFO] FL-CLIENT-granulation - Decrypting global model...
2026-08-14 21:52:46 [INFO] FL-CLIENT-granulation - Global model decrypted successfully
2026-08-14 21:52:50 [INFO] FL-CLIENT-granulation - Round 1 | evaluation completed | loss=0.749184 | accuracy=0.611548 | duration=4.556 s | samples=123449
2026-08-14 21:52:50 [INFO] FL-CLIENT-granulation - Encrypted global model received
2026-08-14 21:52:50 [INFO] FL-CLIENT-granulation - Decrypting global model...
2026-08-14 21:52:50 [INFO] FL-CLIENT-granulation - Global model decrypted successfully
2026-08-14 21:52:50 [INFO] FL-CLIENT-granulation - Round 2 | local training started | epochs=3 | FedProx mu=0.010000
2026-08-14 21:55:17 [INFO] FL-CLIENT-granulation - Round 2 | epoch 1/3 | task_loss=0.236232 | FedProx mu=0.010000
2026-08-14 21:56:34 [INFO] FL-CLIENT-granulation - Round 2 | epoch 2/3 | task_loss=0.210302 | FedProx mu=0.010000
2026-08-14 21:57:46 [INFO] FL-CLIENT-granulation - Round 2 | epoch 3/3 | task_loss=0.208971 | FedProx mu=0.010000
2026-08-14 21:57:46 [INFO] FL-CLIENT-granulation - Round 2 | training completed | final_loss=0.208971 | duration=296.172 s | samples=493793
2026-08-14 21:57:46 [INFO] FL-CLIENT-granulation - Round 2 | encrypting local model...
2026-08-14 21:57:46 [INFO] FL-CLIENT-granulation - Encrypting local model parameters...
2026-08-14 21:57:47 [INFO] FL-CLIENT-granulation - Model parameters encrypted
2026-08-14 21:57:47 [INFO] FL-CLIENT-granulation - Ciphertext size: 657296 bytes
2026-08-14 21:57:47 [INFO] FL-CLIENT-granulation - Round 2 | encrypted model ready for transmission
2026-08-14 21:57:47 [INFO] FL-CLIENT-granulation - Encrypted global model received
2026-08-14 21:57:47 [INFO] FL-CLIENT-granulation - Decrypting global model...
2026-08-14 21:57:47 [INFO] FL-CLIENT-granulation - Global model decrypted successfully
2026-08-14 21:57:53 [INFO] FL-CLIENT-granulation - Round 2 | evaluation completed | loss=0.376283 | accuracy=0.784729 | duration=6.064 s | samples=123449
2026-08-14 21:57:53 [INFO] FL-CLIENT-granulation - Encrypted global model received
2026-08-14 21:57:53 [INFO] FL-CLIENT-granulation - Decrypting global model...
2026-08-14 21:57:53 [INFO] FL-CLIENT-granulation - Global model decrypted successfully
2026-08-14 21:57:53 [INFO] FL-CLIENT-granulation - Round 3 | local training started | epochs=3 | FedProx mu=0.010000
2026-08-14 22:00:29 [INFO] FL-CLIENT-granulation - Round 3 | epoch 1/3 | task_loss=0.202271 | FedProx mu=0.010000
2026-08-14 22:01:39 [INFO] FL-CLIENT-granulation - Round 3 | epoch 2/3 | task_loss=0.192082 | FedProx mu=0.010000
2026-08-14 22:02:44 [INFO] FL-CLIENT-granulation - Round 3 | epoch 3/3 | task_loss=0.191470 | FedProx mu=0.010000
2026-08-14 22:02:44 [INFO] FL-CLIENT-granulation - Round 3 | training completed | final_loss=0.191470 | duration=291.491 s | samples=493793
2026-08-14 22:02:44 [INFO] FL-CLIENT-granulation - Round 3 | encrypting local model...
2026-08-14 22:02:44 [INFO] FL-CLIENT-granulation - Encrypting local model parameters...
2026-08-14 22:02:44 [INFO] FL-CLIENT-granulation - Model parameters encrypted
2026-08-14 22:02:44 [INFO] FL-CLIENT-granulation - Ciphertext size: 657449 bytes
2026-08-14 22:02:44 [INFO] FL-CLIENT-granulation - Round 3 | encrypted model ready for transmission
2026-08-14 22:02:44 [INFO] FL-CLIENT-granulation - Encrypted global model received
2026-08-14 22:02:44 [INFO] FL-CLIENT-granulation - Decrypting global model...
2026-08-14 22:02:44 [INFO] FL-CLIENT-granulation - Global model decrypted successfully
2026-08-14 22:02:50 [INFO] FL-CLIENT-granulation - Round 3 | evaluation completed | loss=0.279705 | accuracy=0.859084 | duration=5.095 s | samples=123449
2026-08-14 22:02:50 [INFO] FL-CLIENT-granulation - Encrypted global model received
2026-08-14 22:02:50 [INFO] FL-CLIENT-granulation - Decrypting global model...
2026-08-14 22:02:50 [INFO] FL-CLIENT-granulation - Global model decrypted successfully
2026-08-14 22:02:50 [INFO] FL-CLIENT-granulation - Round 4 | local training started | epochs=3 | FedProx mu=0.010000
2026-08-14 22:04:51 [INFO] FL-CLIENT-granulation - Round 4 | epoch 1/3 | task_loss=0.185681 | FedProx mu=0.010000
2026-08-14 22:06:00 [INFO] FL-CLIENT-granulation - Round 4 | epoch 2/3 | task_loss=0.180749 | FedProx mu=0.010000
2026-08-14 22:07:10 [INFO] FL-CLIENT-granulation - Round 4 | epoch 3/3 | task_loss=0.180190 | FedProx mu=0.010000
2026-08-14 22:07:10 [INFO] FL-CLIENT-granulation - Round 4 | training completed | final_loss=0.180190 | duration=260.391 s | samples=493793
2026-08-14 22:07:10 [INFO] FL-CLIENT-granulation - Round 4 | encrypting local model...
2026-08-14 22:07:10 [INFO] FL-CLIENT-granulation - Encrypting local model parameters...
2026-08-14 22:07:10 [INFO] FL-CLIENT-granulation - Model parameters encrypted
2026-08-14 22:07:10 [INFO] FL-CLIENT-granulation - Ciphertext size: 657474 bytes
2026-08-14 22:07:10 [INFO] FL-CLIENT-granulation - Round 4 | encrypted model ready for transmission
2026-08-14 22:07:10 [INFO] FL-CLIENT-granulation - Encrypted global model received
2026-08-14 22:07:10 [INFO] FL-CLIENT-granulation - Decrypting global model...
2026-08-14 22:07:10 [INFO] FL-CLIENT-granulation - Global model decrypted successfully
2026-08-14 22:07:15 [INFO] FL-CLIENT-granulation - Round 4 | evaluation completed | loss=0.407888 | accuracy=0.769549 | duration=4.695 s | samples=123449
2026-08-14 22:07:15 [INFO] FL-CLIENT-granulation - Encrypted global model received
2026-08-14 22:07:15 [INFO] FL-CLIENT-granulation - Decrypting global model...
2026-08-14 22:07:15 [INFO] FL-CLIENT-granulation - Global model decrypted successfully
2026-08-14 22:07:15 [INFO] FL-CLIENT-granulation - Round 5 | local training started | epochs=3 | FedProx mu=0.010000
2026-08-14 22:09:21 [INFO] FL-CLIENT-granulation - Round 5 | epoch 1/3 | task_loss=0.176400 | FedProx mu=0.010000
2026-08-14 22:10:30 [INFO] FL-CLIENT-granulation - Round 5 | epoch 2/3 | task_loss=0.173464 | FedProx mu=0.010000
2026-08-14 22:11:39 [INFO] FL-CLIENT-granulation - Round 5 | epoch 3/3 | task_loss=0.172127 | FedProx mu=0.010000
2026-08-14 22:11:39 [INFO] FL-CLIENT-granulation - Round 5 | training completed | final_loss=0.172127 | duration=264.002 s | samples=493793
2026-08-14 22:11:39 [INFO] FL-CLIENT-granulation - Round 5 | encrypting local model...
2026-08-14 22:11:39 [INFO] FL-CLIENT-granulation - Encrypting local model parameters...
2026-08-14 22:11:39 [INFO] FL-CLIENT-granulation - Model parameters encrypted
2026-08-14 22:11:39 [INFO] FL-CLIENT-granulation - Ciphertext size: 658203 bytes
2026-08-14 22:11:39 [INFO] FL-CLIENT-granulation - Round 5 | encrypted model ready for transmission
2026-08-14 22:11:39 [INFO] FL-CLIENT-granulation - Encrypted global model received
2026-08-14 22:11:39 [INFO] FL-CLIENT-granulation - Decrypting global model...
2026-08-14 22:11:39 [INFO] FL-CLIENT-granulation - Global model decrypted successfully
2026-08-14 22:11:44 [INFO] FL-CLIENT-granulation - Round 5 | evaluation completed | loss=0.352528 | accuracy=0.803287 | duration=4.869 s | samples=123449
2026-08-14 22:11:44 [INFO] FL-CLIENT-granulation - Encrypted global model received
2026-08-14 22:11:44 [INFO] FL-CLIENT-granulation - Decrypting global model...
2026-08-14 22:11:44 [INFO] FL-CLIENT-granulation - Global model decrypted successfully
2026-08-14 22:11:44 [INFO] FL-CLIENT-granulation - Round 6 | local training started | epochs=3 | FedProx mu=0.010000
2026-08-14 22:13:13 [INFO] FL-CLIENT-granulation - Round 6 | epoch 1/3 | task_loss=0.169708 | FedProx mu=0.010000
2026-08-14 22:14:04 [INFO] FL-CLIENT-granulation - Round 6 | epoch 2/3 | task_loss=0.168541 | FedProx mu=0.010000
2026-08-14 22:15:04 [INFO] FL-CLIENT-granulation - Round 6 | epoch 3/3 | task_loss=0.167737 | FedProx mu=0.010000
2026-08-14 22:15:04 [INFO] FL-CLIENT-granulation - Round 6 | training completed | final_loss=0.167737 | duration=199.955 s | samples=493793
2026-08-14 22:15:04 [INFO] FL-CLIENT-granulation - Round 6 | encrypting local model...
2026-08-14 22:15:04 [INFO] FL-CLIENT-granulation - Encrypting local model parameters...
2026-08-14 22:15:04 [INFO] FL-CLIENT-granulation - Model parameters encrypted
2026-08-14 22:15:04 [INFO] FL-CLIENT-granulation - Ciphertext size: 657457 bytes
2026-08-14 22:15:04 [INFO] FL-CLIENT-granulation - Round 6 | encrypted model ready for transmission
2026-08-14 22:15:04 [INFO] FL-CLIENT-granulation - Encrypted global model received
2026-08-14 22:15:04 [INFO] FL-CLIENT-granulation - Decrypting global model...
2026-08-14 22:15:04 [INFO] FL-CLIENT-granulation - Global model decrypted successfully
2026-08-14 22:15:10 [INFO] FL-CLIENT-granulation - Round 6 | evaluation completed | loss=0.500064 | accuracy=0.765701 | duration=5.561 s | samples=123449
2026-08-14 22:15:10 [INFO] FL-CLIENT-granulation - Encrypted global model received
2026-08-14 22:15:10 [INFO] FL-CLIENT-granulation - Decrypting global model...
2026-08-14 22:15:10 [INFO] FL-CLIENT-granulation - Global model decrypted successfully
2026-08-14 22:15:10 [INFO] FL-CLIENT-granulation - Round 7 | local training started | epochs=3 | FedProx mu=0.010000
2026-08-14 22:17:46 [INFO] FL-CLIENT-granulation - Round 7 | epoch 1/3 | task_loss=0.165523 | FedProx mu=0.010000
2026-08-14 22:18:57 [INFO] FL-CLIENT-granulation - Round 7 | epoch 2/3 | task_loss=0.163184 | FedProx mu=0.010000
2026-08-14 22:20:06 [INFO] FL-CLIENT-granulation - Round 7 | epoch 3/3 | task_loss=0.163952 | FedProx mu=0.010000
2026-08-14 22:20:06 [INFO] FL-CLIENT-granulation - Round 7 | training completed | final_loss=0.163952 | duration=296.234 s | samples=493793
2026-08-14 22:20:06 [INFO] FL-CLIENT-granulation - Round 7 | encrypting local model...
2026-08-14 22:20:06 [INFO] FL-CLIENT-granulation - Encrypting local model parameters...
2026-08-14 22:20:06 [INFO] FL-CLIENT-granulation - Model parameters encrypted
2026-08-14 22:20:06 [INFO] FL-CLIENT-granulation - Ciphertext size: 657586 bytes
2026-08-14 22:20:06 [INFO] FL-CLIENT-granulation - Round 7 | encrypted model ready for transmission
2026-08-14 22:20:06 [INFO] FL-CLIENT-granulation - Encrypted global model received
2026-08-14 22:20:06 [INFO] FL-CLIENT-granulation - Decrypting global model...
2026-08-14 22:20:06 [INFO] FL-CLIENT-granulation - Global model decrypted successfully
2026-08-14 22:20:12 [INFO] FL-CLIENT-granulation - Round 7 | evaluation completed | loss=0.333175 | accuracy=0.808933 | duration=5.514 s | samples=123449
2026-08-14 22:20:12 [INFO] FL-CLIENT-granulation - Encrypted global model received
2026-08-14 22:20:12 [INFO] FL-CLIENT-granulation - Decrypting global model...
2026-08-14 22:20:12 [INFO] FL-CLIENT-granulation - Global model decrypted successfully
2026-08-14 22:20:12 [INFO] FL-CLIENT-granulation - Round 8 | local training started | epochs=3 | FedProx mu=0.010000
2026-08-14 22:21:27 [INFO] FL-CLIENT-granulation - Round 8 | epoch 1/3 | task_loss=0.161539 | FedProx mu=0.010000
2026-08-14 22:22:12 [INFO] FL-CLIENT-granulation - Round 8 | epoch 2/3 | task_loss=0.160750 | FedProx mu=0.010000
2026-08-14 22:22:50 [INFO] FL-CLIENT-granulation - Round 8 | epoch 3/3 | task_loss=0.160251 | FedProx mu=0.010000
2026-08-14 22:22:50 [INFO] FL-CLIENT-granulation - Round 8 | training completed | final_loss=0.160251 | duration=157.959 s | samples=493793
2026-08-14 22:22:50 [INFO] FL-CLIENT-granulation - Round 8 | encrypting local model...
2026-08-14 22:22:50 [INFO] FL-CLIENT-granulation - Encrypting local model parameters...
2026-08-14 22:22:50 [INFO] FL-CLIENT-granulation - Model parameters encrypted
2026-08-14 22:22:50 [INFO] FL-CLIENT-granulation - Ciphertext size: 657366 bytes
2026-08-14 22:22:50 [INFO] FL-CLIENT-granulation - Round 8 | encrypted model ready for transmission
2026-08-14 22:22:50 [INFO] FL-CLIENT-granulation - Encrypted global model received
2026-08-14 22:22:50 [INFO] FL-CLIENT-granulation - Decrypting global model...
2026-08-14 22:22:50 [INFO] FL-CLIENT-granulation - Global model decrypted successfully
2026-08-14 22:22:53 [INFO] FL-CLIENT-granulation - Round 8 | evaluation completed | loss=0.403699 | accuracy=0.786057 | duration=2.761 s | samples=123449
2026-08-14 22:22:53 [INFO] FL-CLIENT-granulation - Encrypted global model received
2026-08-14 22:22:53 [INFO] FL-CLIENT-granulation - Decrypting global model...
2026-08-14 22:22:53 [INFO] FL-CLIENT-granulation - Global model decrypted successfully
2026-08-14 22:22:53 [INFO] FL-CLIENT-granulation - Round 9 | local training started | epochs=3 | FedProx mu=0.010000
2026-08-14 22:24:07 [INFO] FL-CLIENT-granulation - Round 9 | epoch 1/3 | task_loss=0.159282 | FedProx mu=0.010000
2026-08-14 22:25:07 [INFO] FL-CLIENT-granulation - Round 9 | epoch 2/3 | task_loss=0.158005 | FedProx mu=0.010000
2026-08-14 22:26:16 [INFO] FL-CLIENT-granulation - Round 9 | epoch 3/3 | task_loss=0.158569 | FedProx mu=0.010000
2026-08-14 22:26:16 [INFO] FL-CLIENT-granulation - Round 9 | training completed | final_loss=0.158569 | duration=203.176 s | samples=493793
2026-08-14 22:26:16 [INFO] FL-CLIENT-granulation - Round 9 | encrypting local model...
2026-08-14 22:26:16 [INFO] FL-CLIENT-granulation - Encrypting local model parameters...
2026-08-14 22:26:16 [INFO] FL-CLIENT-granulation - Model parameters encrypted
2026-08-14 22:26:16 [INFO] FL-CLIENT-granulation - Ciphertext size: 658237 bytes
2026-08-14 22:26:16 [INFO] FL-CLIENT-granulation - Round 9 | encrypted model ready for transmission
2026-08-14 22:26:16 [INFO] FL-CLIENT-granulation - Encrypted global model received
2026-08-14 22:26:16 [INFO] FL-CLIENT-granulation - Decrypting global model...
2026-08-14 22:26:16 [INFO] FL-CLIENT-granulation - Global model decrypted successfully
2026-08-14 22:26:20 [INFO] FL-CLIENT-granulation - Round 9 | evaluation completed | loss=0.240719 | accuracy=0.874758 | duration=4.608 s | samples=123449
2026-08-14 22:26:21 [INFO] FL-CLIENT-granulation - Encrypted global model received
2026-08-14 22:26:21 [INFO] FL-CLIENT-granulation - Decrypting global model...
2026-08-14 22:26:21 [INFO] FL-CLIENT-granulation - Global model decrypted successfully
2026-08-14 22:26:21 [INFO] FL-CLIENT-granulation - Round 10 | local training started | epochs=3 | FedProx mu=0.010000
2026-08-14 22:28:26 [INFO] FL-CLIENT-granulation - Round 10 | epoch 1/3 | task_loss=0.157771 | FedProx mu=0.010000
2026-08-14 22:29:35 [INFO] FL-CLIENT-granulation - Round 10 | epoch 2/3 | task_loss=0.156128 | FedProx mu=0.010000
2026-08-14 22:30:44 [INFO] FL-CLIENT-granulation - Round 10 | epoch 3/3 | task_loss=0.156092 | FedProx mu=0.010000
2026-08-14 22:30:44 [INFO] FL-CLIENT-granulation - Round 10 | training completed | final_loss=0.156092 | duration=263.528 s | samples=493793
2026-08-14 22:30:44 [INFO] FL-CLIENT-granulation - Round 10 | encrypting local model...
2026-08-14 22:30:44 [INFO] FL-CLIENT-granulation - Encrypting local model parameters...
2026-08-14 22:30:44 [INFO] FL-CLIENT-granulation - Model parameters encrypted
2026-08-14 22:30:44 [INFO] FL-CLIENT-granulation - Ciphertext size: 658292 bytes
2026-08-14 22:30:44 [INFO] FL-CLIENT-granulation - Round 10 | encrypted model ready for transmission
2026-08-14 22:30:44 [INFO] FL-CLIENT-granulation - Encrypted global model received
2026-08-14 22:30:44 [INFO] FL-CLIENT-granulation - Decrypting global model...
2026-08-14 22:30:44 [INFO] FL-CLIENT-granulation - Global model decrypted successfully
2026-08-14 22:30:49 [INFO] FL-CLIENT-granulation - Round 10 | evaluation completed | loss=0.324648 | accuracy=0.820817 | duration=4.690 s | samples=123449
