2026-08-14 21:49:35 [INFO] FL-CLIENT-pap - ======================================================================
2026-08-14 21:49:35 [INFO] FL-CLIENT-pap - FL client starting
2026-08-14 21:49:35 [INFO] FL-CLIENT-pap - Client        : pap
2026-08-14 21:49:35 [INFO] FL-CLIENT-pap - Server        : 127.0.0.1:8080
2026-08-14 21:49:35 [INFO] FL-CLIENT-pap - Model         : mlp
2026-08-14 21:49:35 [INFO] FL-CLIENT-pap - Local epochs  : 3
2026-08-14 21:49:35 [INFO] FL-CLIENT-pap - Batch size    : 64
2026-08-14 21:49:35 [INFO] FL-CLIENT-pap - Learning rate : 0.001000
2026-08-14 21:49:35 [INFO] FL-CLIENT-pap - Device        : cpu
2026-08-14 21:49:35 [INFO] FL-CLIENT-pap - HE context    : security\keys\he_context_full.seal
2026-08-14 21:49:35 [INFO] FL-CLIENT-pap - CA certificate: security\certificates\ca.crt
2026-08-14 21:49:35 [INFO] FL-CLIENT-pap - TLS CA certificate found
2026-08-14 21:49:35 [INFO] FL-CLIENT-pap - ======================================================================
2026-08-14 21:49:35 [INFO] FL-CLIENT-pap - Initializing FL client
2026-08-14 21:49:35 [INFO] FL-CLIENT-pap - Client name : pap
2026-08-14 21:49:35 [INFO] FL-CLIENT-pap - Model       : mlp
2026-08-14 21:49:35 [INFO] FL-CLIENT-pap - Device      : cpu
2026-08-14 21:49:37 [INFO] FL-CLIENT-pap - HE context loaded successfully (secret key present)
2026-08-14 21:49:37 [INFO] FL-CLIENT-pap - Parameter shapes loaded: 14
2026-08-14 21:49:37 [INFO] FL-CLIENT-pap - Buffer shapes loaded: 9
2026-08-14 21:49:38 [INFO] FL-CLIENT-pap - Dataset loaded
2026-08-14 21:49:38 [INFO] FL-CLIENT-pap - Features     : 19
2026-08-14 21:49:38 [INFO] FL-CLIENT-pap - Train samples: 132608
2026-08-14 21:49:38 [INFO] FL-CLIENT-pap - Test samples : 33152
2026-08-14 21:49:42 [INFO] FL-CLIENT-pap - Model initialized
2026-08-14 21:49:42 [INFO] FL-CLIENT-pap - Trainable parameters: 5961
2026-08-14 21:49:42 [INFO] FL-CLIENT-pap - Batch size          : 64
2026-08-14 21:49:42 [INFO] FL-CLIENT-pap - Local epochs        : 3
2026-08-14 21:49:42 [INFO] FL-CLIENT-pap - Learning rate       : 0.001000
2026-08-14 21:49:42 [INFO] FL-CLIENT-pap - ======================================================================
2026-08-14 21:49:42 [INFO] FL-CLIENT-pap - Connecting to Flower server using TLS...
2026-08-14 21:50:52 [INFO] FL-CLIENT-pap - Plaintext global model initialization received
2026-08-14 21:50:52 [INFO] FL-CLIENT-pap - Round 1 | local training started | epochs=3 | FedProx mu=0.010000
2026-08-14 21:51:48 [INFO] FL-CLIENT-pap - Round 1 | epoch 1/3 | task_loss=0.149609 | FedProx mu=0.010000
2026-08-14 21:52:10 [INFO] FL-CLIENT-pap - Round 1 | epoch 2/3 | task_loss=0.130065 | FedProx mu=0.010000
2026-08-14 21:52:32 [INFO] FL-CLIENT-pap - Round 1 | epoch 3/3 | task_loss=0.129305 | FedProx mu=0.010000
2026-08-14 21:52:32 [INFO] FL-CLIENT-pap - Round 1 | training completed | final_loss=0.129305 | duration=100.557 s | samples=132608
2026-08-14 21:52:32 [INFO] FL-CLIENT-pap - Round 1 | encrypting local model...
2026-08-14 21:52:32 [INFO] FL-CLIENT-pap - Encrypting local model parameters...
2026-08-14 21:52:32 [INFO] FL-CLIENT-pap - Model parameters encrypted
2026-08-14 21:52:32 [INFO] FL-CLIENT-pap - Ciphertext size: 657207 bytes
2026-08-14 21:52:32 [INFO] FL-CLIENT-pap - Round 1 | encrypted model ready for transmission
2026-08-14 21:52:46 [INFO] FL-CLIENT-pap - Encrypted global model received
2026-08-14 21:52:46 [INFO] FL-CLIENT-pap - Decrypting global model...
2026-08-14 21:52:46 [INFO] FL-CLIENT-pap - Global model decrypted successfully
2026-08-14 21:52:48 [INFO] FL-CLIENT-pap - Round 1 | evaluation completed | loss=0.339391 | accuracy=0.809303 | duration=1.813 s | samples=33152
2026-08-14 21:52:50 [INFO] FL-CLIENT-pap - Encrypted global model received
2026-08-14 21:52:50 [INFO] FL-CLIENT-pap - Decrypting global model...
2026-08-14 21:52:50 [INFO] FL-CLIENT-pap - Global model decrypted successfully
2026-08-14 21:52:50 [INFO] FL-CLIENT-pap - Round 2 | local training started | epochs=3 | FedProx mu=0.010000
2026-08-14 21:53:41 [INFO] FL-CLIENT-pap - Round 2 | epoch 1/3 | task_loss=0.128543 | FedProx mu=0.010000
2026-08-14 21:54:28 [INFO] FL-CLIENT-pap - Round 2 | epoch 2/3 | task_loss=0.123745 | FedProx mu=0.010000
2026-08-14 21:55:01 [INFO] FL-CLIENT-pap - Round 2 | epoch 3/3 | task_loss=0.123641 | FedProx mu=0.010000
2026-08-14 21:55:01 [INFO] FL-CLIENT-pap - Round 2 | training completed | final_loss=0.123641 | duration=131.093 s | samples=132608
2026-08-14 21:55:01 [INFO] FL-CLIENT-pap - Round 2 | encrypting local model...
2026-08-14 21:55:01 [INFO] FL-CLIENT-pap - Encrypting local model parameters...
2026-08-14 21:55:01 [INFO] FL-CLIENT-pap - Model parameters encrypted
2026-08-14 21:55:01 [INFO] FL-CLIENT-pap - Ciphertext size: 658103 bytes
2026-08-14 21:55:01 [INFO] FL-CLIENT-pap - Round 2 | encrypted model ready for transmission
2026-08-14 21:57:47 [INFO] FL-CLIENT-pap - Encrypted global model received
2026-08-14 21:57:47 [INFO] FL-CLIENT-pap - Decrypting global model...
2026-08-14 21:57:47 [INFO] FL-CLIENT-pap - Global model decrypted successfully
2026-08-14 21:57:50 [INFO] FL-CLIENT-pap - Round 2 | evaluation completed | loss=0.375792 | accuracy=0.794824 | duration=2.916 s | samples=33152
2026-08-14 21:57:53 [INFO] FL-CLIENT-pap - Encrypted global model received
2026-08-14 21:57:53 [INFO] FL-CLIENT-pap - Decrypting global model...
2026-08-14 21:57:53 [INFO] FL-CLIENT-pap - Global model decrypted successfully
2026-08-14 21:57:53 [INFO] FL-CLIENT-pap - Round 3 | local training started | epochs=3 | FedProx mu=0.010000
2026-08-14 21:59:10 [INFO] FL-CLIENT-pap - Round 3 | epoch 1/3 | task_loss=0.127481 | FedProx mu=0.010000
2026-08-14 21:59:50 [INFO] FL-CLIENT-pap - Round 3 | epoch 2/3 | task_loss=0.122744 | FedProx mu=0.010000
2026-08-14 22:00:12 [INFO] FL-CLIENT-pap - Round 3 | epoch 3/3 | task_loss=0.121720 | FedProx mu=0.010000
2026-08-14 22:00:12 [INFO] FL-CLIENT-pap - Round 3 | training completed | final_loss=0.121720 | duration=139.313 s | samples=132608
2026-08-14 22:00:12 [INFO] FL-CLIENT-pap - Round 3 | encrypting local model...
2026-08-14 22:00:12 [INFO] FL-CLIENT-pap - Encrypting local model parameters...
2026-08-14 22:00:12 [INFO] FL-CLIENT-pap - Model parameters encrypted
2026-08-14 22:00:12 [INFO] FL-CLIENT-pap - Ciphertext size: 657934 bytes
2026-08-14 22:00:12 [INFO] FL-CLIENT-pap - Round 3 | encrypted model ready for transmission
2026-08-14 22:02:44 [INFO] FL-CLIENT-pap - Encrypted global model received
2026-08-14 22:02:44 [INFO] FL-CLIENT-pap - Decrypting global model...
2026-08-14 22:02:44 [INFO] FL-CLIENT-pap - Global model decrypted successfully
2026-08-14 22:02:47 [INFO] FL-CLIENT-pap - Round 3 | evaluation completed | loss=0.453655 | accuracy=0.730424 | duration=2.059 s | samples=33152
2026-08-14 22:02:50 [INFO] FL-CLIENT-pap - Encrypted global model received
2026-08-14 22:02:50 [INFO] FL-CLIENT-pap - Decrypting global model...
2026-08-14 22:02:50 [INFO] FL-CLIENT-pap - Global model decrypted successfully
2026-08-14 22:02:50 [INFO] FL-CLIENT-pap - Round 4 | local training started | epochs=3 | FedProx mu=0.010000
2026-08-14 22:03:20 [INFO] FL-CLIENT-pap - Round 4 | epoch 1/3 | task_loss=0.127050 | FedProx mu=0.010000
2026-08-14 22:03:46 [INFO] FL-CLIENT-pap - Round 4 | epoch 2/3 | task_loss=0.121101 | FedProx mu=0.010000
2026-08-14 22:04:13 [INFO] FL-CLIENT-pap - Round 4 | epoch 3/3 | task_loss=0.120618 | FedProx mu=0.010000
2026-08-14 22:04:13 [INFO] FL-CLIENT-pap - Round 4 | training completed | final_loss=0.120618 | duration=83.460 s | samples=132608
2026-08-14 22:04:13 [INFO] FL-CLIENT-pap - Round 4 | encrypting local model...
2026-08-14 22:04:13 [INFO] FL-CLIENT-pap - Encrypting local model parameters...
2026-08-14 22:04:13 [INFO] FL-CLIENT-pap - Model parameters encrypted
2026-08-14 22:04:13 [INFO] FL-CLIENT-pap - Ciphertext size: 657842 bytes
2026-08-14 22:04:13 [INFO] FL-CLIENT-pap - Round 4 | encrypted model ready for transmission
2026-08-14 22:07:10 [INFO] FL-CLIENT-pap - Encrypted global model received
2026-08-14 22:07:10 [INFO] FL-CLIENT-pap - Decrypting global model...
2026-08-14 22:07:10 [INFO] FL-CLIENT-pap - Global model decrypted successfully
2026-08-14 22:07:12 [INFO] FL-CLIENT-pap - Round 4 | evaluation completed | loss=0.591310 | accuracy=0.726864 | duration=1.584 s | samples=33152
2026-08-14 22:07:15 [INFO] FL-CLIENT-pap - Encrypted global model received
2026-08-14 22:07:15 [INFO] FL-CLIENT-pap - Decrypting global model...
2026-08-14 22:07:15 [INFO] FL-CLIENT-pap - Global model decrypted successfully
2026-08-14 22:07:15 [INFO] FL-CLIENT-pap - Round 5 | local training started | epochs=3 | FedProx mu=0.010000
2026-08-14 22:07:54 [INFO] FL-CLIENT-pap - Round 5 | epoch 1/3 | task_loss=0.126313 | FedProx mu=0.010000
2026-08-14 22:08:18 [INFO] FL-CLIENT-pap - Round 5 | epoch 2/3 | task_loss=0.121111 | FedProx mu=0.010000
2026-08-14 22:08:43 [INFO] FL-CLIENT-pap - Round 5 | epoch 3/3 | task_loss=0.120263 | FedProx mu=0.010000
2026-08-14 22:08:43 [INFO] FL-CLIENT-pap - Round 5 | training completed | final_loss=0.120263 | duration=87.755 s | samples=132608
2026-08-14 22:08:43 [INFO] FL-CLIENT-pap - Round 5 | encrypting local model...
2026-08-14 22:08:43 [INFO] FL-CLIENT-pap - Encrypting local model parameters...
2026-08-14 22:08:43 [INFO] FL-CLIENT-pap - Model parameters encrypted
2026-08-14 22:08:43 [INFO] FL-CLIENT-pap - Ciphertext size: 658196 bytes
2026-08-14 22:08:43 [INFO] FL-CLIENT-pap - Round 5 | encrypted model ready for transmission
2026-08-14 22:11:39 [INFO] FL-CLIENT-pap - Encrypted global model received
2026-08-14 22:11:39 [INFO] FL-CLIENT-pap - Decrypting global model...
2026-08-14 22:11:39 [INFO] FL-CLIENT-pap - Global model decrypted successfully
2026-08-14 22:11:41 [INFO] FL-CLIENT-pap - Round 5 | evaluation completed | loss=0.542090 | accuracy=0.728222 | duration=1.463 s | samples=33152
2026-08-14 22:11:44 [INFO] FL-CLIENT-pap - Encrypted global model received
2026-08-14 22:11:44 [INFO] FL-CLIENT-pap - Decrypting global model...
2026-08-14 22:11:44 [INFO] FL-CLIENT-pap - Global model decrypted successfully
2026-08-14 22:11:44 [INFO] FL-CLIENT-pap - Round 6 | local training started | epochs=3 | FedProx mu=0.010000
2026-08-14 22:12:23 [INFO] FL-CLIENT-pap - Round 6 | epoch 1/3 | task_loss=0.126816 | FedProx mu=0.010000
2026-08-14 22:12:44 [INFO] FL-CLIENT-pap - Round 6 | epoch 2/3 | task_loss=0.119320 | FedProx mu=0.010000
2026-08-14 22:13:02 [INFO] FL-CLIENT-pap - Round 6 | epoch 3/3 | task_loss=0.120059 | FedProx mu=0.010000
2026-08-14 22:13:02 [INFO] FL-CLIENT-pap - Round 6 | training completed | final_loss=0.120059 | duration=78.313 s | samples=132608
2026-08-14 22:13:02 [INFO] FL-CLIENT-pap - Round 6 | encrypting local model...
2026-08-14 22:13:02 [INFO] FL-CLIENT-pap - Encrypting local model parameters...
2026-08-14 22:13:02 [INFO] FL-CLIENT-pap - Model parameters encrypted
2026-08-14 22:13:02 [INFO] FL-CLIENT-pap - Ciphertext size: 657458 bytes
2026-08-14 22:13:02 [INFO] FL-CLIENT-pap - Round 6 | encrypted model ready for transmission
2026-08-14 22:15:04 [INFO] FL-CLIENT-pap - Encrypted global model received
2026-08-14 22:15:04 [INFO] FL-CLIENT-pap - Decrypting global model...
2026-08-14 22:15:04 [INFO] FL-CLIENT-pap - Global model decrypted successfully
2026-08-14 22:15:07 [INFO] FL-CLIENT-pap - Round 6 | evaluation completed | loss=0.553131 | accuracy=0.717181 | duration=2.587 s | samples=33152
2026-08-14 22:15:10 [INFO] FL-CLIENT-pap - Encrypted global model received
2026-08-14 22:15:10 [INFO] FL-CLIENT-pap - Decrypting global model...
2026-08-14 22:15:10 [INFO] FL-CLIENT-pap - Global model decrypted successfully
2026-08-14 22:15:10 [INFO] FL-CLIENT-pap - Round 7 | local training started | epochs=3 | FedProx mu=0.010000
2026-08-14 22:16:06 [INFO] FL-CLIENT-pap - Round 7 | epoch 1/3 | task_loss=0.125466 | FedProx mu=0.010000
2026-08-14 22:16:45 [INFO] FL-CLIENT-pap - Round 7 | epoch 2/3 | task_loss=0.120586 | FedProx mu=0.010000
2026-08-14 22:17:25 [INFO] FL-CLIENT-pap - Round 7 | epoch 3/3 | task_loss=0.119743 | FedProx mu=0.010000
2026-08-14 22:17:25 [INFO] FL-CLIENT-pap - Round 7 | training completed | final_loss=0.119743 | duration=134.821 s | samples=132608
2026-08-14 22:17:25 [INFO] FL-CLIENT-pap - Round 7 | encrypting local model...
2026-08-14 22:17:25 [INFO] FL-CLIENT-pap - Encrypting local model parameters...
2026-08-14 22:17:25 [INFO] FL-CLIENT-pap - Model parameters encrypted
2026-08-14 22:17:25 [INFO] FL-CLIENT-pap - Ciphertext size: 657316 bytes
2026-08-14 22:17:25 [INFO] FL-CLIENT-pap - Round 7 | encrypted model ready for transmission
2026-08-14 22:20:06 [INFO] FL-CLIENT-pap - Encrypted global model received
2026-08-14 22:20:06 [INFO] FL-CLIENT-pap - Decrypting global model...
2026-08-14 22:20:06 [INFO] FL-CLIENT-pap - Global model decrypted successfully
2026-08-14 22:20:09 [INFO] FL-CLIENT-pap - Round 7 | evaluation completed | loss=0.557732 | accuracy=0.725537 | duration=2.554 s | samples=33152
2026-08-14 22:20:12 [INFO] FL-CLIENT-pap - Encrypted global model received
2026-08-14 22:20:12 [INFO] FL-CLIENT-pap - Decrypting global model...
2026-08-14 22:20:12 [INFO] FL-CLIENT-pap - Global model decrypted successfully
2026-08-14 22:20:12 [INFO] FL-CLIENT-pap - Round 8 | local training started | epochs=3 | FedProx mu=0.010000
2026-08-14 22:20:34 [INFO] FL-CLIENT-pap - Round 8 | epoch 1/3 | task_loss=0.126131 | FedProx mu=0.010000
2026-08-14 22:20:55 [INFO] FL-CLIENT-pap - Round 8 | epoch 2/3 | task_loss=0.119557 | FedProx mu=0.010000
2026-08-14 22:21:12 [INFO] FL-CLIENT-pap - Round 8 | epoch 3/3 | task_loss=0.117766 | FedProx mu=0.010000
2026-08-14 22:21:12 [INFO] FL-CLIENT-pap - Round 8 | training completed | final_loss=0.117766 | duration=60.486 s | samples=132608
2026-08-14 22:21:12 [INFO] FL-CLIENT-pap - Round 8 | encrypting local model...
2026-08-14 22:21:12 [INFO] FL-CLIENT-pap - Encrypting local model parameters...
2026-08-14 22:21:12 [INFO] FL-CLIENT-pap - Model parameters encrypted
2026-08-14 22:21:12 [INFO] FL-CLIENT-pap - Ciphertext size: 658128 bytes
2026-08-14 22:21:12 [INFO] FL-CLIENT-pap - Round 8 | encrypted model ready for transmission
2026-08-14 22:22:50 [INFO] FL-CLIENT-pap - Encrypted global model received
2026-08-14 22:22:50 [INFO] FL-CLIENT-pap - Decrypting global model...
2026-08-14 22:22:50 [INFO] FL-CLIENT-pap - Global model decrypted successfully
2026-08-14 22:22:50 [INFO] FL-CLIENT-pap - Round 8 | evaluation completed | loss=0.749268 | accuracy=0.667682 | duration=0.723 s | samples=33152
2026-08-14 22:22:53 [INFO] FL-CLIENT-pap - Encrypted global model received
2026-08-14 22:22:53 [INFO] FL-CLIENT-pap - Decrypting global model...
2026-08-14 22:22:53 [INFO] FL-CLIENT-pap - Global model decrypted successfully
2026-08-14 22:22:53 [INFO] FL-CLIENT-pap - Round 9 | local training started | epochs=3 | FedProx mu=0.010000
2026-08-14 22:23:20 [INFO] FL-CLIENT-pap - Round 9 | epoch 1/3 | task_loss=0.125179 | FedProx mu=0.010000
2026-08-14 22:23:38 [INFO] FL-CLIENT-pap - Round 9 | epoch 2/3 | task_loss=0.120023 | FedProx mu=0.010000
2026-08-14 22:23:55 [INFO] FL-CLIENT-pap - Round 9 | epoch 3/3 | task_loss=0.118135 | FedProx mu=0.010000
2026-08-14 22:23:55 [INFO] FL-CLIENT-pap - Round 9 | training completed | final_loss=0.118135 | duration=62.942 s | samples=132608
2026-08-14 22:23:55 [INFO] FL-CLIENT-pap - Round 9 | encrypting local model...
2026-08-14 22:23:55 [INFO] FL-CLIENT-pap - Encrypting local model parameters...
2026-08-14 22:23:55 [INFO] FL-CLIENT-pap - Model parameters encrypted
2026-08-14 22:23:55 [INFO] FL-CLIENT-pap - Ciphertext size: 657280 bytes
2026-08-14 22:23:55 [INFO] FL-CLIENT-pap - Round 9 | encrypted model ready for transmission
2026-08-14 22:26:16 [INFO] FL-CLIENT-pap - Encrypted global model received
2026-08-14 22:26:16 [INFO] FL-CLIENT-pap - Decrypting global model...
2026-08-14 22:26:16 [INFO] FL-CLIENT-pap - Global model decrypted successfully
2026-08-14 22:26:17 [INFO] FL-CLIENT-pap - Round 9 | evaluation completed | loss=0.591287 | accuracy=0.738628 | duration=1.561 s | samples=33152
2026-08-14 22:26:21 [INFO] FL-CLIENT-pap - Encrypted global model received
2026-08-14 22:26:21 [INFO] FL-CLIENT-pap - Decrypting global model...
2026-08-14 22:26:21 [INFO] FL-CLIENT-pap - Global model decrypted successfully
2026-08-14 22:26:21 [INFO] FL-CLIENT-pap - Round 10 | local training started | epochs=3 | FedProx mu=0.010000
2026-08-14 22:26:49 [INFO] FL-CLIENT-pap - Round 10 | epoch 1/3 | task_loss=0.123805 | FedProx mu=0.010000
2026-08-14 22:27:17 [INFO] FL-CLIENT-pap - Round 10 | epoch 2/3 | task_loss=0.117764 | FedProx mu=0.010000
2026-08-14 22:27:43 [INFO] FL-CLIENT-pap - Round 10 | epoch 3/3 | task_loss=0.118343 | FedProx mu=0.010000
2026-08-14 22:27:43 [INFO] FL-CLIENT-pap - Round 10 | training completed | final_loss=0.118343 | duration=82.295 s | samples=132608
2026-08-14 22:27:43 [INFO] FL-CLIENT-pap - Round 10 | encrypting local model...
2026-08-14 22:27:43 [INFO] FL-CLIENT-pap - Encrypting local model parameters...
2026-08-14 22:27:43 [INFO] FL-CLIENT-pap - Model parameters encrypted
2026-08-14 22:27:43 [INFO] FL-CLIENT-pap - Ciphertext size: 657507 bytes
2026-08-14 22:27:43 [INFO] FL-CLIENT-pap - Round 10 | encrypted model ready for transmission
2026-08-14 22:30:44 [INFO] FL-CLIENT-pap - Encrypted global model received
2026-08-14 22:30:44 [INFO] FL-CLIENT-pap - Decrypting global model...
2026-08-14 22:30:44 [INFO] FL-CLIENT-pap - Global model decrypted successfully
2026-08-14 22:30:46 [INFO] FL-CLIENT-pap - Round 10 | evaluation completed | loss=0.578688 | accuracy=0.718539 | duration=1.703 s | samples=33152
