2026-08-14 21:35:52 [INFO] FL-SERVER - Monitoring module test: server logger OK
2026-08-14 21:45:56 [INFO] FL-SERVER - ======================================================================
2026-08-14 21:45:56 [INFO] FL-SERVER - FL-IDS-OT-ICS — Global Federated Learning Server
2026-08-14 21:45:56 [INFO] FL-SERVER - ----------------------------------------------------------------------
2026-08-14 21:45:56 [INFO] FL-SERVER - Rounds              : 10
2026-08-14 21:45:56 [INFO] FL-SERVER - FedProx μ           : 0.0100 (FedProx)
2026-08-14 21:45:56 [INFO] FL-SERVER - Minimum clients     : 6
2026-08-14 21:45:56 [INFO] FL-SERVER - Expected clients    : power, utilities, sap, pap, beneficiation, granulation
2026-08-14 21:45:56 [INFO] FL-SERVER - Server address      : 0.0.0.0:8080
2026-08-14 21:45:56 [INFO] FL-SERVER - TLS                 : ENABLED
2026-08-14 21:45:56 [INFO] FL-SERVER - TLS CA              : security\certificates\ca.crt
2026-08-14 21:45:56 [INFO] FL-SERVER - TLS certificate     : security\certificates\server.crt
2026-08-14 21:45:56 [INFO] FL-SERVER - HE public context   : security\keys\he_context_public.seal
2026-08-14 21:45:56 [INFO] FL-SERVER - Checkpoint directory: checkpoints\fl
2026-08-14 21:45:56 [INFO] FL-SERVER - Monitoring logs     : monitoring/logs/server.log
2026-08-14 21:45:56 [INFO] FL-SERVER - Monitoring metrics  : monitoring/metrics/rounds.csv
2026-08-14 21:45:56 [INFO] FL-SERVER - Privacy guarantee   : encrypted-domain aggregation
2026-08-14 21:45:56 [INFO] FL-SERVER - Server secret key   : NOT PRESENT
2026-08-14 21:45:56 [INFO] FL-SERVER - ======================================================================
2026-08-14 21:45:56 [INFO] FL-SERVER - Building initial global model...
2026-08-14 21:45:56 [INFO] FL-SERVER - Initial global model built | trainable_params=5961 | BN_buffers=9
2026-08-14 21:45:56 [INFO] FL-SERVER - Initial global model ready.
2026-08-14 21:45:56 [INFO] FL-SERVER - Initializing HEFedProxStrategy...
2026-08-14 21:45:57 [INFO] FL-SERVER - HEFedProxStrategy initialized successfully.
2026-08-14 21:45:57 [INFO] FL-SERVER - TLS certificates loaded successfully.
2026-08-14 21:45:57 [INFO] FL-SERVER - Waiting for at least 6 client(s)...
2026-08-14 21:45:57 [INFO] FL-SERVER - Flower server listening on 0.0.0.0:8080
2026-08-14 21:45:57 [INFO] FL-SERVER - Expected clients: power, utilities, sap, pap, beneficiation, granulation
2026-08-14 21:45:57 [INFO] FL-SERVER - Monitoring is ENABLED.
2026-08-14 22:30:49 [INFO] FL-SERVER - ======================================================================
2026-08-14 22:30:49 [INFO] FL-SERVER - FL training complete.
2026-08-14 22:30:49 [INFO] FL-SERVER - Completed rounds: 10
2026-08-14 22:30:49 [INFO] FL-SERVER - Total training duration: 2691.776 seconds
2026-08-14 22:30:49 [INFO] FL-SERVER - Distributed evaluation loss:
2026-08-14 22:30:49 [INFO] FL-SERVER - Round 1 | loss=0.742394
2026-08-14 22:30:49 [INFO] FL-SERVER - Round 2 | loss=0.455221
2026-08-14 22:30:49 [INFO] FL-SERVER - Round 3 | loss=0.398900
2026-08-14 22:30:49 [INFO] FL-SERVER - Round 4 | loss=0.484916
2026-08-14 22:30:49 [INFO] FL-SERVER - Round 5 | loss=0.451990
2026-08-14 22:30:49 [INFO] FL-SERVER - Round 6 | loss=0.520310
2026-08-14 22:30:49 [INFO] FL-SERVER - Round 7 | loss=0.443506
2026-08-14 22:30:49 [INFO] FL-SERVER - Round 8 | loss=0.533490
2026-08-14 22:30:49 [INFO] FL-SERVER - Round 9 | loss=0.393931
2026-08-14 22:30:49 [INFO] FL-SERVER - Round 10 | loss=0.440118
2026-08-14 22:30:49 [INFO] FL-SERVER - Distributed evaluation metrics:
2026-08-14 22:30:49 [INFO] FL-SERVER - Metric: round
2026-08-14 22:30:49 [INFO] FL-SERVER - Round 1 | round=1.000000
2026-08-14 22:30:49 [INFO] FL-SERVER - Round 2 | round=2.000000
2026-08-14 22:30:49 [INFO] FL-SERVER - Round 3 | round=3.000000
2026-08-14 22:30:49 [INFO] FL-SERVER - Round 4 | round=4.000000
2026-08-14 22:30:49 [INFO] FL-SERVER - Round 5 | round=5.000000
2026-08-14 22:30:49 [INFO] FL-SERVER - Round 6 | round=6.000000
2026-08-14 22:30:49 [INFO] FL-SERVER - Round 7 | round=7.000000
2026-08-14 22:30:49 [INFO] FL-SERVER - Round 8 | round=8.000000
2026-08-14 22:30:49 [INFO] FL-SERVER - Round 9 | round=9.000000
2026-08-14 22:30:49 [INFO] FL-SERVER - Round 10 | round=10.000000
2026-08-14 22:30:49 [INFO] FL-SERVER - Metric: num_clients
2026-08-14 22:30:49 [INFO] FL-SERVER - Round 1 | num_clients=7.000000
2026-08-14 22:30:49 [INFO] FL-SERVER - Round 2 | num_clients=7.000000
2026-08-14 22:30:49 [INFO] FL-SERVER - Round 3 | num_clients=7.000000
2026-08-14 22:30:49 [INFO] FL-SERVER - Round 4 | num_clients=7.000000
2026-08-14 22:30:49 [INFO] FL-SERVER - Round 5 | num_clients=7.000000
2026-08-14 22:30:49 [INFO] FL-SERVER - Round 6 | num_clients=7.000000
2026-08-14 22:30:49 [INFO] FL-SERVER - Round 7 | num_clients=7.000000
2026-08-14 22:30:49 [INFO] FL-SERVER - Round 8 | num_clients=7.000000
2026-08-14 22:30:49 [INFO] FL-SERVER - Round 9 | num_clients=7.000000
2026-08-14 22:30:49 [INFO] FL-SERVER - Round 10 | num_clients=7.000000
2026-08-14 22:30:49 [INFO] FL-SERVER - Metric: total_samples
2026-08-14 22:30:49 [INFO] FL-SERVER - Round 1 | total_samples=224578.000000
2026-08-14 22:30:49 [INFO] FL-SERVER - Round 2 | total_samples=224578.000000
2026-08-14 22:30:49 [INFO] FL-SERVER - Round 3 | total_samples=224578.000000
2026-08-14 22:30:49 [INFO] FL-SERVER - Round 4 | total_samples=224578.000000
2026-08-14 22:30:49 [INFO] FL-SERVER - Round 5 | total_samples=224578.000000
2026-08-14 22:30:49 [INFO] FL-SERVER - Round 6 | total_samples=224578.000000
2026-08-14 22:30:49 [INFO] FL-SERVER - Round 7 | total_samples=224578.000000
2026-08-14 22:30:49 [INFO] FL-SERVER - Round 8 | total_samples=224578.000000
2026-08-14 22:30:49 [INFO] FL-SERVER - Round 9 | total_samples=224578.000000
2026-08-14 22:30:49 [INFO] FL-SERVER - Round 10 | total_samples=224578.000000
2026-08-14 22:30:49 [INFO] FL-SERVER - Metric: accuracy
2026-08-14 22:30:49 [INFO] FL-SERVER - Round 1 | accuracy=0.617883
2026-08-14 22:30:49 [INFO] FL-SERVER - Round 2 | accuracy=0.740999
2026-08-14 22:30:49 [INFO] FL-SERVER - Round 3 | accuracy=0.763997
2026-08-14 22:30:49 [INFO] FL-SERVER - Round 4 | accuracy=0.747633
2026-08-14 22:30:49 [INFO] FL-SERVER - Round 5 | accuracy=0.773731
2026-08-14 22:30:49 [INFO] FL-SERVER - Round 6 | accuracy=0.741992
2026-08-14 22:30:49 [INFO] FL-SERVER - Round 7 | accuracy=0.778513
2026-08-14 22:30:49 [INFO] FL-SERVER - Round 8 | accuracy=0.749704
2026-08-14 22:30:49 [INFO] FL-SERVER - Round 9 | accuracy=0.817930
2026-08-14 22:30:49 [INFO] FL-SERVER - Round 10 | accuracy=0.783345
2026-08-14 22:30:49 [INFO] FL-SERVER - Final distributed accuracy: 0.783345
